autodatapre/datasets/43927.csv
AveragePrice,Total Volume,4046,4225,4770,Total Bags,Small Bags,Large Bags,XLarge Bags,type,year,region,month,day
1.03,33091256.26,14251319.31,12277858.78,1016631.26,5545446.91,4696224.79,819935.17,29286.95,conventional,2015,TotalUS,4,19
0.93,28041335.38,9855053.66,10805838.91,1016163.17,6364279.64,4964462.13,1371440.28,28377.23,conventional,2015,TotalUS,12,13
1.07,31660031.68,12384449.4,12403360.2,980361.75,5891860.33,5067198.34,796786.14,27875.85,conventional,2015,TotalUS,7,12
0.99,29375123.6,9162094.14,14082539.61,1220251.19,4910238.66,3930198.18,952191.42,27849.06,conventional,2015,TotalUS,10,18
1.09,30358467.88,12115233.76,12219014.12,984702.75,5039517.25,4322985.19,689175.8,27356.26,conventional,2015,TotalUS,8,2
1.08,29699845.61,11283021.31,12551529.7,909284.22,4956010.38,4318010.6,612362.43,25637.35,conventional,2015,TotalUS,8,23
0.96,41291704.39,17787611.93,16602589.04,1118329.5,5783173.92,4647155.48,1110987.23,25031.21,conventional,2015,TotalUS,5,3
1.07,30652211.08,12196225.93,12009228.05,1017157.74,5429599.36,4627251.87,779807.55,22539.94,conventional,2015,TotalUS,7,26
1.04,35344183.15,16000107.8,12513821.19,899779.92,5930474.24,5094263.38,815628.55,20582.31,conventional,2015,TotalUS,5,24
1.06,32408705.7,13299568.71,11505999.24,1045832.54,6557305.21,5690216.31,846752.4,20336.5,conventional,2015,TotalUS,6,28
0.98,37026085.75,16383685.07,12821015.03,1085081.61,6736304.04,5893641.72,822399.78,20262.54,conventional,2015,TotalUS,6,14
1.03,33720159.09,15503613.33,11599634.02,903908.35,5713003.39,4967231.63,726046.25,19725.51,conventional,2015,TotalUS,5,31
1.06,31500669.44,13939014.43,11526980.36,871981.29,5162693.36,4477299.71,666514.74,18878.91,conventional,2015,TotalUS,4,5
0.95,31324277.73,12357161.34,13624083.05,844093.32,4498940.02,3585321.58,894945.63,18672.81,conventional,2015,TotalUS,1,4
1.02,30094698.85,13013750.35,10973972.6,834009.15,5272966.75,4583726.82,673149.42,16090.51,conventional,2015,TotalUS,3,8
1.01,29063542.75,11544810.53,12134773.38,866574.66,4517384.18,3783261.16,718333.87,15789.15,conventional,2015,TotalUS,1,11
1.04,29572225.71,13149988.71,10634070.76,871575.04,4916591.2,4287621.56,614904.92,14064.72,conventional,2015,TotalUS,3,15
0.95,32137333.01,13308193.4,13381347.54,737939.45,4709852.62,4022474.85,673453.54,13924.23,conventional,2015,TotalUS,2,8
1.02,29936729.76,12628562.36,11354281.64,937138.85,5016746.91,4336247.12,667149.29,13350.5,conventional,2015,TotalUS,2,22
1.03,28012520.93,12626615.3,9783489.59,845653.52,4756762.52,4096226.46,648632,11904.06,conventional,2015,TotalUS,2,15
