autodatapre/datasets/43927.csv
AveragePrice,Total Volume,4046,4225,4770,Total Bags,Small Bags,Large Bags,XLarge Bags,type,year,region,month,day
0.81,4565207.85,2166801.03,1226508.86,412828.75,759069.21,555356.92,95639.5,108072.79,conventional,2015,SouthCentral,12,20
0.91,6494533.3,3114586.75,1226469.49,522836.75,1630640.31,1398829.45,124715.63,107095.23,conventional,2016,SouthCentral,7,3
0.79,5850128.4,3003442.75,1462783.11,521213.33,862689.21,623663.62,133279.26,105746.33,conventional,2016,SouthCentral,1,31
0.7,7606351.8,3823016,1930304.29,804558.25,1048473.26,756322.54,197394.7,94756.02,conventional,2016,SouthCentral,2,7
0.81,4831664.77,2295315.43,1290847.05,392846.12,852656.17,663310,105317.59,84028.58,conventional,2015,SouthCentral,12,27
0.7,9010588.32,3999735.71,966589.5,30130.82,4014132.29,3398569.92,546409.74,69152.63,conventional,2018,SouthCentral,3,25
0.79,7399716.74,3596162.29,1104894.9,30623.35,2668036.2,2185246.31,416456.32,66333.57,conventional,2018,SouthCentral,3,4
0.86,6579144.13,3289390.32,1115203.69,28384.4,2146165.72,1625982.91,455350.18,64832.63,conventional,2018,SouthCentral,3,18
0.76,7648478.57,3888705.13,989820.91,28149.02,2741803.51,2257193.31,420376.57,64233.63,conventional,2018,SouthCentral,2,25
0.89,6621293.03,3309218.1,926223.64,28752.6,2357098.69,1820819.54,472662.31,63616.84,conventional,2018,SouthCentral,3,11
0.94,3898235.29,1193349.63,1530143.69,245808.96,928933.01,705848.56,159609.68,63474.77,conventional,2016,SouthCentral,1,24
0.85,6195284.67,3356663.69,1079764.01,423778.7,1335078.27,964900.17,307836.87,62341.23,conventional,2016,SouthCentral,6,12
0.83,6351400.69,3351332.61,1281791.5,355042.24,1363234.34,976198.08,325421.53,61614.73,conventional,2016,SouthCentral,6,5
0.89,6046264.46,3148031.62,995499.7,425639.83,1477093.31,1226901.91,190503.41,59687.99,conventional,2016,SouthCentral,6,26
0.72,6680323.25,3128527.61,1539488.77,537748.12,1474558.75,1071647.44,348148.3,54763.01,conventional,2016,SouthCentral,5,22
0.97,5528475.32,3073632.24,1095930.61,29835.26,1329077.21,1169824.57,105002.77,54249.87,conventional,2016,SouthCentral,7,24
0.7,8043965.41,3886584.49,917502.14,24745.18,3215133.6,2589009.32,574460.87,51663.41,conventional,2018,SouthCentral,2,11
0.78,7057862,3904868.07,1066061.08,25700.92,2061231.93,1513446.56,496221.25,51564.12,conventional,2018,SouthCentral,2,18
0.91,5646460.01,3069816.49,1012709.72,189691.87,1374241.93,1233354.94,92635.95,48251.04,conventional,2016,SouthCentral,7,10
0.84,5775721.7,3166009.65,1144644.7,17935.73,1447131.62,1259357.5,142470.58,45303.54,conventional,2016,SouthCentral,8,28
0.89,6005535.29,3271758.23,1118582.85,346244.07,1268950.14,1062854.49,167590.92,38504.73,conventional,2016,SouthCentral,6,19
0.78,6802635.25,3749548.89,1321331.51,18544.3,1713210.55,1488491.11,188922.83,35796.61,conventional,2016,SouthCentral,9,4
0.92,6551804,3340446.93,1114123.07,22104.73,2075129.27,1494262.46,545591.74,35275.07,conventional,2017,SouthCentral,5,14
0.8,6239677.27,3270603.2,1322066.02,347794.01,1299214.04,1034533.11,229576.24,35104.69,conventional,2016,SouthCentral,5,29
0.93,6585882.05,3465782.2,1015653.58,20437.22,2084009.05,1636585.91,413725.96,33697.18,conventional,2017,SouthCentral,6,4
0.72,5483207.89,2789696.38,1116482.22,15771.64,1561257.65,1144739.27,383503.55,33014.83,conventional,2016,SouthCentral,12,18
0.96,6549043.84,3495036.65,1267551.42,27015.73,1759440.04,1322192.06,405650.84,31597.14,conventional,2017,SouthCentral,5,28
0.65,10323174.59,4772921.95,1623613.82,38521.35,3888117.47,3351508.25,508738.57,27870.65,conventional,2018,SouthCentral,2,4
0.83,7523061.26,3396320.97,1500545.51,27770,2598424.78,1675300.95,895408.78,27715.05,conventional,2017,SouthCentral,4,23
0.94,6084796.99,3262539.84,1043850.3,20820.97,1757585.88,1269469.83,460424.96,27691.09,conventional,2017,SouthCentral,5,21
1.09,4477594.56,2043310.73,1016610.9,20588.09,1397084.84,1228547.91,140925.06,27611.87,conventional,2016,SouthCentral,10,23
1.05,5550586.51,2881726.68,1185462.48,16702.54,1466694.81,1013213.46,427812.72,25668.63,conventional,2017,SouthCentral,7,23
1.03,4967651.41,2588086.77,984551,18419.04,1376594.6,1088286.99,263848.4,24459.21,conventional,2016,SouthCentral,10,16
0.92,6183823.03,3415501.85,1234042.3,39098.99,1495179.89,1318526.89,152730.49,23922.51,conventional,2017,SouthCentral,4,9
1.03,5882728.51,3063985.05,1282288.49,18165.44,1518289.53,1037654.15,457240.12,23395.26,conventional,2017,SouthCentral,8,6
0.79,5630041.84,2676152.87,1320133.68,20052.89,1613702.4,1288631.84,301809.49,23261.07,conventional,2016,SouthCentral,12,25
0.93,6526488.94,3540683.7,1042887.71,21574.2,1921343.33,1496503.74,401617.34,23222.25,conventional,2017,SouthCentral,6,11
0.75,5953222.87,2869772.48,1114706.47,207634.25,1761109.67,1408219.68,330575.32,22314.67,conventional,2017,SouthCentral,2,19
0.86,7483931.18,3221294.56,1692107.7,38275.59,2532253.33,1460631.32,1049435.14,22186.87,conventional,2017,SouthCentral,4,30
0.68,7043078.06,3640314.18,1098974.88,215201.61,2088587.39,1790736.15,276301.68,21549.56,conventional,2017,SouthCentral,2,12
0.7,6349601.68,3382976.58,1416070.96,718463.59,832090.55,662650.24,147944.33,21495.98,conventional,2016,SouthCentral,2,14
0.98,5344837.49,2674487.17,1129009.2,15830.87,1525510.25,1094936.72,409425.49,21148.04,conventional,2016,SouthCentral,9,25
1.02,5780893.13,2730101.66,1369045.96,19641.56,1662103.95,1083666.18,557527.48,20910.29,conventional,2017,SouthCentral,7,16
0.85,7922898.43,4093101.6,1453770.19,18738.51,2357288.13,1526967.7,810444.58,19875.85,conventional,2017,SouthCentral,5,7
0.84,6777539,3916659.1,1012267.12,24556.67,1824056.11,1494823.82,309395.83,19836.46,conventional,2017,SouthCentral,4,2
0.93,5805541.99,3391002.54,978691.09,27689.37,1408158.99,1322350.27,66091.65,19717.07,conventional,2017,SouthCentral,3,26
0.7,6808805.4,4318255.15,822773.31,142658.92,1525118.02,1359306,146644.88,19167.14,conventional,2017,SouthCentral,2,26
0.88,6949890.75,3783304.41,1212653.06,23850.86,1930082.42,1783244.66,127878.28,18959.48,conventional,2017,SouthCentral,4,16
1.06,5548390.24,2922902.49,1156832.81,15183.9,1453471.04,1010568.54,424211.45,18691.05,conventional,2017,SouthCentral,7,30
1.19,3733135.22,1917984.65,802089.74,19653.3,993407.53,733102.01,242672.72,17632.8,conventional,2016,SouthCentral,10,30
1.01,5006659.75,2488198.8,1053485.59,17352.41,1447622.95,1091904.2,338402.33,17316.42,conventional,2016,SouthCentral,10,2
0.94,5449441.63,2950117.14,1052370.81,44558.77,1402394.91,1297883.28,87850.35,16661.28,conventional,2016,SouthCentral,7,17
0.76,5031206.93,2633723.49,987150.16,18326.63,1392006.65,939911.81,435548.82,16546.02,conventional,2016,SouthCentral,12,11
0.86,6130653.55,3357771.2,1103971.44,16478.55,1652432.36,1446564.1,189481.99,16386.27,conventional,2016,SouthCentral,9,18
0.64,6687273.64,3587283.29,1719720.01,27548.73,1352721.61,1105953.16,230434.03,16334.42,conventional,2017,SouthCentral,1,1
0.74,6347964.79,3529761.56,1305030.08,18206.06,1494967.09,1296031.4,183062.26,15873.43,conventional,2017,SouthCentral,1,8
1,5416591.81,2650640.81,1376612.19,32866.62,1356472.19,1118452.81,222546.73,15472.65,conventional,2016,SouthCentral,10,9
0.94,5498742.96,3186678.9,1033840.6,65215.62,1213007.84,1165809.84,31725.57,15472.43,conventional,2017,SouthCentral,3,19
0.93,5316530.73,3199639.83,870253.1,138376.81,1108260.99,1040138.95,52798.3,15323.74,conventional,2017,SouthCentral,3,12
0.68,7103726.14,4335593.06,1264050.32,18959.07,1485123.69,1360058.7,110035.17,15029.82,conventional,2017,SouthCentral,1,15
0.87,5682046.61,3137489.03,1105902.29,25630.41,1413024.88,1245189.33,153644.22,14191.33,conventional,2016,SouthCentral,8,21
0.98,5130900.02,2925166.29,1026989.3,25254.69,1153489.74,969970.7,169617.21,13901.83,conventional,2016,SouthCentral,7,31
0.93,5647940.41,3263106.78,1162455.32,24523.4,1197854.91,1035007.77,149412.38,13434.76,conventional,2016,SouthCentral,8,7
0.73,6414263.17,3665847.47,870524,556972.27,1320919.43,1124849.63,183288.76,12781.04,conventional,2016,SouthCentral,4,10
0.82,6236078.55,3652516.49,1003811.64,15092.69,1564657.73,1379670.23,173092.74,11894.76,conventional,2016,SouthCentral,9,11
0.74,6207638.5,4020198.09,957479.68,23685.51,1206275.22,1066264.87,128528.14,11482.21,conventional,2017,SouthCentral,1,22
0.76,5584114.56,3146435.87,1023317.43,18795.24,1395566.02,1039669.75,344663.64,11232.63,conventional,2016,SouthCentral,12,4
0.81,5735627.03,2836077.92,1756468.7,373209.85,769870.56,621920.46,136801.89,11148.21,conventional,2016,SouthCentral,1,17
0.71,6953488.71,3400699.04,1559296.24,398632.2,1594861.23,1215673.04,368204.58,10983.61,conventional,2016,SouthCentral,5,1
1.17,5303260.4,2926795.58,860801.06,11576.49,1504087.27,1125461.97,367930.21,10695.09,conventional,2017,SouthCentral,8,27
1.24,4677784.49,2610726.8,799483.48,11103.09,1256471.12,925948.98,319844.34,10677.8,conventional,2017,SouthCentral,9,3
1.06,5412866.59,2733435.14,1013579.35,9937.85,1655914.25,962288.29,683111.22,10514.74,conventional,2017,SouthCentral,8,20
1.32,3491991.63,1930025.72,485914.34,4529.63,1071521.94,636669.38,342065.06,92787.5,conventional,2017,Southeast,7,9
1.33,3979264.02,2219034.51,549006.94,4778.63,1206443.94,676830.5,437058.12,92555.32,conventional,2017,Southeast,7,2
1.35,3404457.77,1995540.97,416295.25,3535.91,989085.64,546899.52,350819.45,91366.67,conventional,2017,Southeast,6,18
0.91,5432816.58,2549452.95,1175338.87,30343.48,1677681.28,1031656.46,559976.48,86048.34,conventional,2016,Southeast,7,3
1.07,3393712.37,1757284.4,592433.27,30505.16,1013489.54,641109.21,295047.83,77332.5,conventional,2016,Southeast,6,12
1.42,3654633.49,1989685.69,556375.02,3729.01,1104843.77,607668.91,425033,72141.86,conventional,2017,Southeast,8,13
1.28,3666944.13,2101935.63,442822.73,3465.07,1118720.7,612556.65,434645.54,71518.51,conventional,2017,Southeast,6,25
0.91,4563745.14,2504517.37,823705.23,26309.45,1209213.09,563930.87,574578.06,70704.16,conventional,2016,Southeast,6,5
1.33,4151016.69,2451659.18,483092.03,4402.35,1211863.13,691324.55,449983.89,70554.69,conventional,2017,Southeast,6,11
1.15,3408142.71,1466379.21,813315.42,20301.82,1108146.26,705840.64,335918.68,66386.94,conventional,2016,Southeast,7,17
1.41,3282864.06,1799095.92,507685.74,3572.73,972509.67,569390.19,337374.62,65744.86,conventional,2017,Southeast,8,6
1.36,3516276.38,2006796.85,518858.64,4070.44,986550.45,596733.72,324532.55,65284.18,conventional,2017,Southeast,7,16
1.36,3580363.85,2109070.98,533696.3,3991.94,933604.63,523093.86,346162.09,64348.68,conventional,2017,Southeast,7,23
1.54,3005445.53,1702152.2,429629.31,3466.82,870197.2,513450.97,295204.62,61541.61,conventional,2017,Southeast,8,27
1.1,3646868.94,1599856.44,848789.03,29960.26,1168263.21,785436.82,322739.72,60086.67,conventional,2016,Southeast,7,10
0.94,4665536.74,2441553.39,936051.48,30691.31,1257240.56,699685.23,498428.66,59126.67,conventional,2016,Southeast,6,19
1.17,3381732.73,1485492.18,845297.22,21369.68,1029573.65,657021.42,314632.79,57919.44,conventional,2016,Southeast,7,24
1.05,3416062.07,1634620.91,666118.47,11952.59,1103370.1,536816.84,512209.9,54343.36,conventional,2016,Southeast,5,22
1.09,3619364.21,1630877.04,777463.11,26639.39,1184384.67,850211.6,280635.29,53537.78,conventional,2016,Southeast,6,26
1.18,3329108.94,1502915.49,710445.49,18938.44,1096809.52,724983.8,322569.05,49256.67,conventional,2016,Southeast,7,31
1.38,3916908.69,2252109.64,450910.1,5062.46,1208826.49,789659.56,371172.96,47993.97,conventional,2017,Southeast,5,28
1.18,3419326.48,1628428.39,687208.05,18597.99,1085092.05,710559.72,328992.05,45540.28,conventional,2016,Southeast,8,7
1.34,4237221.91,2520206.31,473205.61,4226.6,1239583.39,719958.99,474483.44,45140.96,conventional,2017,Southeast,6,4
0.92,4829487.03,2562669.53,971082.67,23769.9,1271964.93,531132.05,696042.61,44790.27,conventional,2016,Southeast,5,29
1.38,3266646.69,1874296.82,498800.91,3558.7,889990.26,525044.69,321214.36,43731.21,conventional,2017,Southeast,7,30
1.36,3560841.76,1996527.25,387915.89,8542.18,1167856.44,781111.52,343498.72,43246.2,conventional,2017,Southeast,5,14
1.38,3609377.95,2047913.44,423449.51,7101.98,1130913.02,714273.47,375844.67,40794.88,conventional,2017,Southeast,5,21
1.52,3113164.81,1729866.38,444533.12,3377.63,935387.68,544185.62,352850.68,38351.38,conventional,2017,Southeast,8,20
1.24,4698266.8,2790480.21,656888.72,4042.59,1246855.28,695716.33,513525.29,37613.66,conventional,2017,Southeast,4,30
1.7,3049931.5,1745317.16,443460.97,4599.91,856553.46,545847.71,277105.95,33599.8,conventional,2017,Southeast,9,3
1.61,2707005.49,1511637.28,383131.2,4113.88,808123.13,537849.67,238131.35,32142.11,conventional,2017,Southeast,9,10
1.14,5391717.88,3160480.49,682416.13,6155.92,1542665.34,866807.14,644104.72,31753.48,conventional,2017,Southeast,5,7
1.41,3257901.93,1813137.91,432542.65,4014.69,1008206.68,620397.57,359415.3,28393.81,conventional,2017,Southeast,4,9
1.11,3716886.69,1923227.36,648951.54,13450.33,1131257.46,827154.53,276587.65,27515.28,conventional,2016,Southeast,8,21
1.14,4954059.33,2925027.75,461260.99,15728.65,1552041.94,879462.33,647625.95,24953.66,conventional,2018,Southeast,1,21
1.37,3418235.57,1841481.88,429995.14,3755.98,1143002.57,740336.5,378277.12,24388.95,conventional,2017,Southeast,4,16
1.52,3149349.04,1691953.94,444119.19,4008.12,1009267.79,619190.02,366946.66,23131.11,conventional,2017,Southeast,3,26
1.31,3077843.09,1732070.28,277003.33,14230.23,1054539.25,708818.41,322895.28,22825.56,conventional,2017,Southeast,12,24
1.09,4230674.67,2241425,738177.11,15287.26,1235785.3,745879.1,467642.03,22264.17,conventional,2016,Southeast,8,14
1.31,4198992.14,2371136.88,403224.01,17012.38,1407618.87,845928.49,540110.99,21579.39,conventional,2018,Southeast,1,14
1.14,4544750.92,2749042.52,402798.53,15351.11,1377558.76,873160.78,483913.55,20484.43,conventional,2018,Southeast,1,7
1.27,4199974.24,2420770.45,355406.02,16642.51,1407155.26,901796.49,485922.1,19436.67,conventional,2018,Southeast,1,28
0.82,5002102.24,2115292.19,1218469.25,10065.75,1658275.05,610050.97,1029088.05,19136.03,conventional,2016,Southeast,5,15
1.45,3168368.37,1643034.48,443255.67,4278.48,1077799.74,685021.63,374167.84,18610.27,conventional,2017,Southeast,3,19
1.02,4091257.98,2353835.77,373395.29,17836.02,1346190.9,817967.19,511116.18,17107.53,conventional,2017,Southeast,12,10
1.01,3751927.63,2208030.81,341376.69,15056.86,1187463.27,728007.45,442491.14,16964.68,conventional,2017,Southeast,12,17
1.32,2743409,1577493,251975,8058,905883,606486,282761,16635,conventional,2017,Southeast,11,26
1.28,3422495,1947873,312578,12862,1149182,818630,314965,15586,conventional,2017,Southeast,11,12
1.08,4651107.62,2795828.19,448136.41,12621.43,1394521.59,807942.12,571443.81,15135.66,conventional,2017,Southeast,12,31
1.14,3178563,1648815.38,483659.79,4681.1,1041406.73,695382.17,330922.06,15102.5,conventional,2017,Southeast,2,19
1.21,3452207,2032331,328178,21381,1070317,737179,318086,15051,conventional,2017,Southeast,12,3
1.49,3289069.45,1771188.27,432476.69,3724.73,1081679.76,720880.75,345797.07,15001.94,conventional,2017,Southeast,4,2
1.09,3780081.91,2009302.02,536981.39,6635.9,1227162.6,876737.08,337642.19,12783.33,conventional,2017,Southeast,2,26
1.2,3446284,1997537,326446,12078,1110222,674139,423999,12084,conventional,2017,Southeast,11,19
1.12,5054856.62,2956740.05,410652.92,18500.63,1668963.02,1016239.81,640717.65,12005.56,conventional,2018,Southeast,3,4
1.39,3503236.08,1956787.44,445304.19,3585.35,1097559.1,726576.46,359238.87,11743.77,conventional,2017,Southeast,4,23
1.23,4454904.4,2489234.81,333310.56,18460.82,1613898.21,1117431.16,484934.57,11532.48,conventional,2018,Southeast,3,25
1.23,4082887.98,2267185.54,315802.19,16241.89,1483658.36,996473.57,475690.59,11494.2,conventional,2018,Southeast,2,18
1.07,5278752.32,2993709.42,397715.46,17560.86,1869766.58,1246650.93,611691.39,11424.26,conventional,2018,Southeast,3,18
1.1,5239198.71,2984665.37,403000.78,18332.57,1833199.99,1211466.26,610537.41,11196.32,conventional,2018,Southeast,3,11
1.34,3194059.94,1801086.94,298601.36,10159.03,1084212.61,767422.68,305652.13,11137.8,conventional,2017,Southeast,11,5
0.97,5141310.45,3028127.72,399356.06,16907.18,1696919.49,1077827.17,608625.73,10466.59,conventional,2018,Southeast,2,11
0.95,7516415.07,4492704.7,625805.92,17920.43,2379984.02,1405622.59,963895.82,10465.61,conventional,2018,Southeast,2,4
1.23,4302561.08,2378306.98,346795.18,16966.25,1560492.67,1104205.56,445832.46,10454.65,conventional,2018,Southeast,2,25
