autodatapre/datasets/43927.csv
AveragePrice,Total Volume,4046,4225,4770,Total Bags,Small Bags,Large Bags,XLarge Bags,type,year,region,month,day
1.02,6802084.11,2161037.82,2305253.24,94087.86,2241705.19,2116307.93,38597.17,86800.09,conventional,2018,California,3,18
1.04,6687009.44,1932162.02,2715163.6,92955.04,1946728.78,1827362.5,37434.21,81932.07,conventional,2018,California,3,25
1.13,6295529.61,2380723.98,1676629.99,116796.74,2121378.9,1992549.07,47126.97,81702.86,conventional,2018,California,3,4
1.08,7872203.23,2851510.24,2470795.47,150595.46,2399302.06,2314634.27,3601.53,81066.26,conventional,2017,California,5,7
1.11,6488605.43,2277437.31,1750118.87,108244.33,2352804.92,2230913.33,41105.34,80786.25,conventional,2018,California,3,11
1.1,6379219.83,2086478.7,2413234.64,114573.33,1764933.16,1640897.04,47009.82,77026.3,conventional,2018,California,2,18
1.03,6750361.46,2666133.31,1947660.32,110662.05,2025905.78,1908897.38,42064.35,74944.05,conventional,2018,California,2,25
1.19,5756632.36,2350838.88,1704810.36,135053.06,1565930.06,1465321.32,25951.12,74657.62,conventional,2018,California,1,7
1.32,6160751.92,2307940.04,1793496.44,153502.24,1905813.2,1829396.11,3223.85,73193.24,conventional,2017,California,5,28
1.25,5889669.2,2197824.46,1689225.61,157508.63,1845110.5,1770413.98,2532.7,72163.82,conventional,2017,California,4,30
1.34,5442086.44,2047142.24,1572972.43,163002.25,1658969.52,1585488.4,1756.03,71725.09,conventional,2017,California,4,16
1.2,6599048.85,2691571.96,1650089.15,191313.38,2066074.36,1989158.83,5912.72,71002.81,conventional,2017,California,6,18
0.8,10894677.77,4473811.63,4097591.67,146357.78,2176916.69,2072477.62,34196.27,70242.8,conventional,2018,California,2,4
1.26,5637299.78,2027854.71,1521895.03,162006.91,1925543.13,1849562.53,6322.77,69657.83,conventional,2017,California,4,23
1.27,5927016.73,2098762.55,2356359.93,151045.33,1320848.92,1226559.09,25390.97,68898.86,conventional,2018,California,1,14
1.17,6370622.3,2375685.35,1570244.89,134825.51,2289866.55,2216400.16,4798.87,68667.52,conventional,2017,California,5,14
0.98,6718358.1,2787033.93,1781591.88,119593.17,2030139.12,1930311.89,31301.69,68525.54,conventional,2018,California,2,11
1.31,5208101.86,1871004.41,1577127.23,156629.51,1603340.71,1528139.92,7223.59,67977.2,conventional,2017,California,3,12
1.16,6134040.58,2254631.8,2185495.65,121090.87,1572822.26,1480527.7,24545.94,67748.62,conventional,2018,California,1,28
1.35,5599003.03,2077113.57,1627754.26,137755.31,1756379.89,1685046.63,3942.61,67390.65,conventional,2017,California,5,21
1.22,6177216.24,2302944.62,1517908.04,188258.15,2168105.43,2095827.24,5598.97,66679.22,conventional,2017,California,6,11
1.33,5073070.91,1693588.76,1542979.33,138133.01,1698369.81,1629800.46,1991.84,66577.51,conventional,2017,California,3,26
1.28,6499668.48,2634902.26,1818682.87,207945.39,1838137.96,1767976.83,5214.88,64946.25,conventional,2017,California,7,9
1.28,6607292.61,2527123.67,1942683.02,224121.48,1913364.44,1844798.2,4337.49,64228.75,conventional,2017,California,7,2
1.13,6249182.98,1926187.79,2128867.47,161909.09,2032218.63,1957058.55,13132.9,62027.18,conventional,2017,California,4,9
1.12,6610010.64,2378177.09,2590301.7,122950.68,1518581.17,1431898.88,24801.59,61880.7,conventional,2018,California,1,21
1.13,5346535.57,1934361.67,1934710.69,116855.41,1360607.8,1277612.22,21328.12,61667.46,conventional,2017,California,12,24
1.3,4392810,1734281,1354966,121946,1181616,1093008,27254,61354,conventional,2017,California,11,26
0.98,6205211.05,1901831.08,2877209.2,115250.14,1310920.63,1229946.93,21220.86,59752.84,conventional,2017,California,12,17
1.06,5715712.21,2234102.17,2013200.4,90168.26,1378241.38,1291298.72,27353.79,59588.87,conventional,2017,California,12,10
1.26,4782021,1879513,1360694,107055,1434759,1328429,47615,58715,conventional,2017,California,11,19
1.36,5655955.05,2313742.61,1892140.35,159763.39,1290308.7,1201486.97,30452.62,58369.11,conventional,2017,California,8,6
1.15,5637795,2309785,1882561,108415,1337035,1248089,30662,58284,conventional,2017,California,11,12
1.31,5328958.01,1857645.04,1555271.43,143586.99,1772454.55,1709046.29,5147.16,58261.1,conventional,2017,California,3,19
1.46,5188483.1,2201004.96,1738865.16,151424.79,1097188.19,1018813.29,20424.08,57950.82,conventional,2017,California,7,23
1.15,6999255.87,2706875.38,1977949.64,191069.11,2123361.74,2061235.1,5202.82,56923.82,conventional,2017,California,6,25
0.93,7132711.23,2280934.17,3201737.11,111845.09,1538194.86,1461095.1,20553.6,56546.16,conventional,2017,California,12,31
1.22,5719811.06,1856672.56,1580307.3,150682.37,2132148.83,2059479.45,16199.12,56470.26,conventional,2017,California,4,2
1.15,5663438.53,2148627.4,2224529.18,108333.63,1181948.32,1105519.8,20488.19,55940.33,conventional,2017,California,11,5
1.49,5405190.35,2319570.09,1821613.01,178446.19,1085561.06,1007608.04,22434.17,55518.85,conventional,2017,California,7,16
1.38,5571000.96,2179199.68,2206571.02,152942.18,1032288.08,948516.41,28336.99,55434.68,conventional,2017,California,7,30
1.15,5634150.07,1961188.27,1720072.57,161251.98,1791637.25,1727384.52,9179.36,55073.37,conventional,2017,California,3,5
0.79,6862176.64,2429385.13,1870884.97,158534.53,2403372.01,2247565.14,101368.24,54438.63,conventional,2017,California,2,12
1.2,6507093.57,2378539.46,1580024.38,141320.44,2407209.29,2348867.54,4428.25,53913.5,conventional,2017,California,6,4
1.09,5544556,2333912,1660573,100234,1449838,1365781,30856,53201,conventional,2017,California,12,3
1.26,5862368.39,2346710.99,2079376.28,190313.03,1245968.09,1160556.19,32819.18,52592.72,conventional,2017,California,8,13
0.67,11213596.29,3986429.59,3550403.07,214137.93,3462625.7,3403581.49,7838.83,51205.38,conventional,2017,California,2,5
1.64,4524974.68,1995269.12,1293180.21,165218.13,1071307.22,986592.65,33841.83,50872.74,conventional,2017,California,8,20
0.76,8055482.07,3009291.31,2295856.21,148335.97,2601998.58,2504421.68,48343.02,49233.88,conventional,2017,California,1,29
0.95,6194368.66,1999799.14,2098407.09,177817.01,1918345.42,1728825.22,145454.71,44065.49,conventional,2017,California,2,19
1.78,4360013.67,1889886.87,1420373.34,157338.07,892415.39,830646.31,19482.22,42286.86,conventional,2017,California,8,27
1.65,4648718.22,1856634.4,1720930.65,168178.12,902975.05,839519.87,21358.39,42096.79,conventional,2017,California,9,3
0.95,6342089.92,2193499.5,2038284.77,155642.35,1954663.3,1870562.62,42309.14,41791.54,conventional,2017,California,2,26
1.22,5471565.28,1888694.03,1934688.42,112714.97,1535467.86,1434869.76,59481.09,41117.01,conventional,2016,California,9,18
1.1,7087455.16,2409025.69,2439611.73,356022.1,1882795.64,1722082.22,119871.18,40842.24,conventional,2016,California,7,3
0.94,5414937.46,1579234.89,2192460.84,99997.75,1543243.98,1405419.8,99069.58,38754.6,conventional,2016,California,12,25
1.05,6308000.34,2646367.78,1712067.2,171379.36,1778186,1679257.49,61139.96,37788.55,conventional,2016,California,8,21
1.15,6075588.68,2357903.8,1924933.51,117423.95,1675327.42,1583961.67,53653.13,37712.62,conventional,2016,California,9,25
1.71,4380657.13,1677368.14,1599511.35,141899.49,961878.15,904618.47,19579.65,37680.03,conventional,2017,California,9,10
1.68,4066640.98,1348029.41,1699672.65,137027.4,881911.52,822315.27,22733.62,36862.63,conventional,2017,California,10,15
1.4,4878037.64,1635631.14,1600568.32,108458.09,1533380.09,1423671.38,73117.52,36591.19,conventional,2016,California,10,16
1.17,6144827.51,2152079.32,2039791.18,211671.11,1741285.9,1616257.39,89290.29,35738.22,conventional,2016,California,8,7
1.53,4420877.4,1604916.52,1779177.98,123891.36,912891.54,856748.54,21482.38,34660.62,conventional,2017,California,10,22
1.2,5714676.89,1981731.12,2384845.53,125816.68,1222283.56,1165130.71,22762.03,34390.82,conventional,2017,California,10,29
1.22,5947160.29,1922055.35,2069409.78,244730.21,1710964.95,1581210.71,95425.63,34328.61,conventional,2016,California,7,31
1.74,4151444.41,1377101,1829530.74,138380.27,806432.4,747128.46,25531.54,33772.4,conventional,2017,California,10,8
1.08,6721690.88,2399360.67,2117397.07,292540.95,1912392.19,1771309.82,107540.46,33541.91,conventional,2016,California,7,10
1,6653048.21,1988635.39,2569566.25,109029.01,1985817.56,1807926.97,144375.5,33515.09,conventional,2017,California,1,8
0.95,4922621.54,1575318.71,1774200.38,90983.73,1482118.72,1313839.11,135367.97,32911.64,conventional,2016,California,12,18
1.77,3870633.16,1288266.68,1608863.15,120405.29,853098.04,794746.4,25612.08,32739.56,conventional,2017,California,10,1
1.39,3899040.66,1397559.4,1129206.16,82276.22,1289998.88,1201528.54,55799.76,32670.58,conventional,2016,California,10,23
1.74,3937000.67,1383479.62,1575761.37,119703.21,858056.47,801572.79,24211.83,32271.85,conventional,2017,California,9,24
0.98,6700986.44,2522305.33,2097509.45,341992.36,1739179.3,1546212.08,160781.09,32186.13,conventional,2016,California,5,29
1.72,4167531.38,1571529.56,1556655.98,128019.39,911326.45,860705.01,18473.03,32148.41,conventional,2017,California,9,17
1.07,6538335.89,2200099.61,2538994.07,218247.48,1580994.73,1476927.5,73032.78,31034.45,conventional,2016,California,8,14
0.9,6501981.08,2238875.14,2178820.82,329737.94,1754547.18,1594507.01,129666.02,30374.15,conventional,2016,California,5,22
1.06,6528056.18,2409003,2045112.18,319711.53,1754229.47,1622056.72,101882.82,30289.93,conventional,2016,California,6,19
0.99,6696300.05,2683109.8,1878139.55,133979.15,2001071.55,1924479.53,46601.83,29990.19,conventional,2016,California,8,28
1.21,4185900.67,1508446.52,1313000.92,81897.44,1282555.79,1202939.23,49696.87,29919.69,conventional,2016,California,11,27
0.98,5062952.53,1916640.11,1449671.84,86152.75,1610487.83,1553052.29,27829.79,29605.75,conventional,2016,California,12,4
1.68,3395058.42,1111431.87,1333386.69,120964.4,829275.46,763934.88,35997.83,29342.75,conventional,2016,California,11,6
1.03,6407277.49,2333532.13,1967324.63,328206.37,1778214.36,1641400.92,107903.9,28909.54,conventional,2016,California,6,26
0.76,8153340.48,3089603.62,2659661.41,106559.24,2297516.21,2207074.93,61563.24,28878.04,conventional,2017,California,1,22
1.32,4253815.59,1513797.4,1394929.07,93901.07,1251188.05,1161049.94,61429.08,28709.03,conventional,2016,California,11,20
1.19,5652496.31,2359102.44,1664176.22,121961.08,1507256.57,1420423.91,58294.32,28538.34,conventional,2016,California,10,2
1.12,6059764.51,2297601.9,1976499.46,114241.36,1671421.79,1576949.54,66072.42,28399.83,conventional,2016,California,9,11
0.94,7365675.31,2921963.17,2131717.34,373358.37,1938636.43,1739147.58,171241.77,28247.08,conventional,2016,California,6,5
1.48,3848128.2,1326907.02,1367684.96,112541.9,1040994.32,952497.35,60542.13,27954.84,conventional,2016,California,11,13
1.01,6506234.86,2597934.17,1869930.06,328653.8,1709716.83,1571460.04,110755.4,27501.39,conventional,2016,California,6,12
0.89,7175276.66,2266313.37,2877688.31,90899.53,1940375.45,1762033.74,151333.95,27007.76,conventional,2017,California,1,1
1.14,6200613.68,2196723.33,2037093.61,278664.44,1688132.3,1563978.55,97434.91,26718.84,conventional,2016,California,7,17
1.34,5375978.5,2021375.04,1750074.56,123430.31,1481098.59,1379624.2,74894.96,26579.43,conventional,2016,California,10,9
1.08,6681646.14,2501655.4,2179345.27,107653.45,1892992.02,1819641.81,47476.91,25873.3,conventional,2016,California,9,4
1.2,6104047.38,2019596.6,2147541.33,302735.37,1634174.08,1526433.58,82025.57,25714.93,conventional,2016,California,7,24
0.93,6656554.36,2075029.62,2450277.12,95137.62,2036110,1910596.03,99912.91,25601.06,conventional,2017,California,1,15
0.79,7808461.74,2716222.01,2615648.28,336387.9,2140203.55,1606311.87,508755.56,25136.12,conventional,2016,California,5,8
0.9,5526646.12,1638639.18,2137290.51,96836.26,1653880.17,1451475.99,177399.8,25004.38,conventional,2016,California,12,11
1.68,3139833.5,1126017.42,1186843.99,92064.47,734907.62,686375.28,25241.6,23290.74,conventional,2016,California,10,30
0.92,6429870.23,1893787.2,1975668.02,325582.2,2234832.81,1981931.04,230048.66,22853.11,conventional,2016,California,3,6
0.93,6397813.48,2370403.05,1875909.98,382295.13,1769205.32,1659337.91,88790.8,21076.61,conventional,2016,California,4,17
0.93,6603707.93,1935666.12,2149391.86,311356.91,2207293.04,1926353.76,259874.87,21064.41,conventional,2016,California,3,27
0.84,6933382.4,2507347.38,2355998.94,325242.94,1744793.14,1467255.26,257014.51,20523.37,conventional,2016,California,4,24
0.94,6509000.56,2248561.59,1958358.83,358015.82,1944064.32,1740557.05,183825.53,19681.74,conventional,2016,California,4,10
0.97,6068872.71,2247484.21,1968268.95,353196.44,1499923.11,1325206.1,155366.22,19350.79,conventional,2016,California,5,15
0.96,6017563.88,1750943.52,1855262.7,317337.27,2094020.39,1888085.99,186807.69,19126.71,conventional,2016,California,3,13
0.91,6476206.54,1893617.8,2191468.26,299002.93,2092117.55,1883192.26,189928.31,18996.98,conventional,2016,California,3,20
0.9,6000013.23,1653347.69,2336705.19,250106.17,1759854.18,1579233.6,162289.68,18330.9,conventional,2016,California,1,17
0.89,6588277.7,1873878.11,2020327.87,302210.56,2391861.16,2091747.51,282242.79,17870.86,conventional,2016,California,2,28
0.7,10361698.17,2930343.28,3950852.38,424389.6,3056112.91,2693843.02,344774.59,17495.3,conventional,2016,California,2,7
0.93,6060843.76,1805555.95,2247248.19,334735.17,1673304.45,1454479.46,201547.46,17277.53,conventional,2016,California,4,3
0.75,7661483.37,2817406.2,2628579.48,291448.73,1924048.96,1421239.87,485685.06,17124.03,conventional,2016,California,5,1
0.87,6303406.82,1736168.01,2173554.18,261931.07,2131753.56,1793640.16,321613.97,16499.43,conventional,2016,California,1,10
0.82,6807283.15,1998149.71,1974912.11,278558.48,2555662.85,2207054.69,333029.79,15578.37,conventional,2016,California,2,14
0.88,6246380.73,1230068.19,2457751.77,272665.17,2285895.6,2122673.09,147881.99,15340.52,conventional,2016,California,1,24
0.89,6374019.03,1776499,2073957.12,267508.94,2256053.97,2073467.05,167309.24,15277.68,conventional,2016,California,2,21
0.88,6506673.96,2126066.85,2069192.92,287234.03,2024180.16,1874982.24,134692.75,14505.17,conventional,2016,California,1,31
0.9,5040365.47,1833946.59,1760956.02,232755.85,1212707.01,1090140.07,110737.35,11829.59,conventional,2015,California,12,27
0.94,4695737.21,1676601.43,1543280.76,266689.82,1209165.2,1061703.58,136747.1,10714.52,conventional,2015,California,12,20
0.73,7730431.28,2315175.35,2856102.41,257268.16,2301885.36,1950428.5,340852.13,10604.73,conventional,2016,California,1,3
