autodatapre/datasets/43927.csv
AveragePrice,Total Volume,4046,4225,4770,Total Bags,Small Bags,Large Bags,XLarge Bags,type,year,region,month,day
1.19,3221650.74,607742.57,1498358.41,198307.05,917242.71,753805.95,84303.2,79133.56,conventional,2016,Midsouth,7,10
1.15,3393696.45,653109.17,1523684.65,213314.73,1003587.9,827533.73,98647.47,77406.7,conventional,2016,Midsouth,7,3
1.26,2940448.51,582052.07,1272165.13,137997.09,948234.22,794533.1,82513.33,71187.79,conventional,2016,Midsouth,7,17
1.29,3173372.45,643600.31,1287442.95,27337.2,1214991.99,969121.67,191301.87,54568.45,conventional,2017,Midsouth,7,9
1.26,3218961.84,663114.75,1257956.68,30426.63,1267463.78,1026992.74,187005.45,53465.59,conventional,2017,Midsouth,7,2
1.32,2914817.51,611049.2,1286835.89,133520.1,883412.32,738517.02,97932.68,46962.62,conventional,2016,Midsouth,7,24
1.34,3150788.24,640517.27,1365909.57,31604.96,1112756.44,900866.53,167944.28,43945.63,conventional,2017,Midsouth,6,11
1.34,3032871.22,600416.38,1348477.92,28997.27,1054979.65,909822.8,107064.11,38092.74,conventional,2017,Midsouth,6,18
1.16,3304967.62,674982.83,1530425.54,230513.77,869045.48,750464.94,81187.92,37392.62,conventional,2016,Midsouth,6,19
1.41,2865414.36,613834.15,1140930.95,23579.86,1087069.4,904139.21,145663,37267.19,conventional,2017,Midsouth,8,20
1.27,3147519.14,673327.18,1319522.05,27318.06,1127351.85,903265.11,187611.42,36475.32,conventional,2017,Midsouth,6,25
1.34,2827404.11,566734.82,1217131.68,26712.77,1016824.84,860213.61,122607.37,34003.86,conventional,2017,Midsouth,7,16
1.17,3095673.83,590854.99,1468309.1,204710.19,831799.55,740396.18,58981.95,32421.42,conventional,2016,Midsouth,6,26
1.15,3122351.17,677443.53,1422914,229464.95,792528.69,711257.87,50027.88,31242.94,conventional,2016,Midsouth,6,12
1.34,2886538.37,613826.71,1240751.66,26154.28,1005805.72,861274.69,114928.95,29602.08,conventional,2017,Midsouth,7,23
1.37,2902604.84,595916.46,1267014.94,25765.18,1013908.26,836575.7,148877.99,28454.57,conventional,2017,Midsouth,8,13
1.34,2907563.95,601191.03,1272881.65,26753.29,1006737.98,856452.33,122563.55,27722.1,conventional,2017,Midsouth,8,6
1.54,2561783.52,512114.91,1135717.01,24649,889302.6,747801.46,116289.45,25211.69,conventional,2017,Midsouth,9,3
1.56,2428140.05,466611.07,1074163.59,21742.49,865622.9,732278.1,110137.25,23207.55,conventional,2017,Midsouth,9,10
1.14,3223814.39,673473.95,1510540.87,214241.6,825557.97,724592.03,78843.66,22122.28,conventional,2016,Midsouth,6,5
1.43,3212276.31,699461.68,1357927.08,31609.48,1123278.07,916401.72,187872.39,19003.96,conventional,2017,Midsouth,6,4
1.35,2787002.19,612846.55,1247700.03,127238.92,799216.69,705609.86,74747.99,18858.84,conventional,2016,Midsouth,7,31
1.34,2817091.62,613040.11,1200263.6,26106.33,977681.58,833164.8,126121.45,18395.33,conventional,2017,Midsouth,7,30
1.3,2799097.68,745329.31,1165119.09,67370.64,821278.64,738431.65,65178.37,17668.62,conventional,2016,Midsouth,8,28
1.08,3154318.39,658991.13,1530509.31,95835.45,868982.5,772949.59,78541.95,17490.96,conventional,2016,Midsouth,5,22
1.5,2617107.98,577443.09,1071863.58,23088.84,944712.47,804265.11,124191.97,16255.39,conventional,2017,Midsouth,8,27
1.14,3911075.35,967164.69,1347066.73,25014.31,1571829.62,1390840.94,164970.47,16018.21,conventional,2018,Midsouth,3,25
1.09,3349139.43,708286.6,1603134.92,199248.47,838469.44,736868.61,87305.62,14295.21,conventional,2016,Midsouth,5,29
1.03,4558888.55,977322.22,1305676.96,24247.96,2251641.41,2062091.77,175886.82,13662.82,conventional,2018,Midsouth,3,18
1.25,3135330.32,709218.57,1150144.86,24776.61,1251190.28,1015372.21,224403.31,11414.76,conventional,2018,Midsouth,2,18
1.24,3349766.24,786103.03,1219846.07,25950.6,1317866.54,1104688,201778.2,11400.34,conventional,2018,Midsouth,2,25
1.2,3554252.13,823140.05,1320402.53,27046.92,1383662.63,1172483.78,200264.2,10914.65,conventional,2018,Midsouth,3,4
1.27,2840526.38,684458.46,1180365.78,96330.92,879371.22,774039.71,94491.42,10840.09,conventional,2016,Midsouth,8,21
1.3,2900751.48,680835.87,1274555.63,119737.55,825622.43,718727.95,96534.22,10360.26,conventional,2016,Midsouth,8,7
1.41,4486744.99,210728.65,2669362.44,123210.02,1483443.88,1330833.02,82816.01,69794.85,conventional,2016,Northeast,7,3
1.58,4406341.73,289590.47,2850917.36,25597.43,1240236.47,1034138.98,140035.79,66061.7,conventional,2017,Northeast,7,9
1.49,3736814.35,196491.18,2123945.28,74756.02,1341621.87,1208291.71,68637.43,64692.73,conventional,2016,Northeast,7,17
1.33,4487625.78,316659.6,2589205.84,99899.13,1481861.21,1316229.18,107324.46,58307.57,conventional,2016,Northeast,7,10
1.63,4035234.26,242271.89,2580466.19,39314.57,1173181.61,762656.42,355666.02,54859.17,conventional,2017,Northeast,7,2
1.54,3834290.51,220814.35,2172523.13,63713.79,1377239.24,1287855.02,36043.62,53340.6,conventional,2016,Northeast,7,24
1.54,4121661.3,232666.83,2909813.43,25224.18,953956.86,686928.3,215092.27,51936.29,conventional,2017,Northeast,6,25
1.68,3945270.4,237156.76,2668419.58,20366.86,1019327.2,765706,209441.36,44179.84,conventional,2017,Northeast,6,18
1.68,4060850.93,246826.64,2632016.93,13643.55,1168363.81,778716.02,350202.79,39445,conventional,2017,Northeast,6,11
1.5,4180237.98,266663.37,2858828.89,30721.99,1024023.73,850086.41,138210.65,35726.67,conventional,2017,Northeast,7,16
1.28,4840949.87,190136.57,3188127.73,118844.6,1343840.97,1233605.4,78613.54,31622.03,conventional,2016,Northeast,6,26
1.52,4132666.26,227866.95,2801740,14589.95,1088469.36,891867.29,165243.16,31358.91,conventional,2017,Northeast,8,6
1.68,3417507.87,233399.64,2072428.62,7950.27,1103729.34,912290.33,160575.78,30863.23,conventional,2017,Northeast,8,20
1.34,4599028.54,201927.9,2903948.28,135414.25,1357738.11,1246079.71,80946.35,30712.05,conventional,2016,Northeast,6,12
1.4,4506892.62,184730.86,2920243.12,132512.61,1269406.03,1164066.13,74863.78,30476.12,conventional,2016,Northeast,6,19
1.49,4323440.02,235128.9,2842288.75,13705.7,1232316.67,1008008.74,194459.03,29848.9,conventional,2017,Northeast,8,13
1.46,4222039.27,235858.72,2896879.68,22482.01,1066818.86,887134.17,149980.19,29704.5,conventional,2017,Northeast,7,23
1.75,3330799.31,269503.29,2097278.42,6901.98,957115.62,822614.03,106630.48,27871.11,conventional,2017,Northeast,9,3
1.71,4529672.68,265254.03,2874935.5,14156.23,1375326.92,1067433.44,283132.09,24761.39,conventional,2017,Northeast,5,28
1.61,3536857.97,264529.93,2267361.07,6494.94,998472.03,844249.91,130829.9,23392.22,conventional,2017,Northeast,9,10
1.47,4024822.13,304604.68,2245559.82,59915.16,1414742.47,1335096.5,58406.29,21239.68,conventional,2016,Northeast,8,7
1.7,3374546.02,246450.56,2076611.47,7302.53,1044181.46,892785.83,130586.74,20808.89,conventional,2017,Northeast,8,27
1.74,4096560.83,241585.33,2718513.23,12943.73,1123518.54,923263.95,179473.2,20781.39,conventional,2017,Northeast,6,4
1.4,4127080.33,247658.58,2351280.09,25740.08,1502401.58,1384984.59,97632.72,19784.27,conventional,2016,Northeast,8,21
1.35,4570515.87,154509.15,2911585.02,156593.71,1347827.99,1235470.33,92633.24,19724.42,conventional,2016,Northeast,6,5
1.67,4163120.72,235696.82,2525304.86,15247.5,1386871.54,1204975.59,162343.17,19552.78,conventional,2017,Northeast,5,14
1.4,4309301.79,490786.03,2495011.21,68592.79,1254911.76,1164225.11,71526.98,19159.67,conventional,2016,Northeast,8,28
1.6,3813808.25,224803.7,2213892.51,57230.15,1317881.89,1265795.04,33486.76,18600.09,conventional,2016,Northeast,7,31
1.34,4621126.31,453731.61,2646866.44,7610.65,1512917.61,1210266.06,287448.21,15203.34,conventional,2018,Northeast,3,18
1.37,4195423.29,316873.28,2323362.26,40749.92,1514437.83,1435534.01,63918.41,14985.41,conventional,2016,Northeast,8,14
1.35,5134637.05,443927.42,2940789.85,6733.38,1743186.4,1495884.84,232372.83,14928.73,conventional,2018,Northeast,3,25
1.49,4018833.97,232617.59,2705082.88,15289.08,1065844.42,931973.3,119001.73,14869.39,conventional,2017,Northeast,7,30
1.14,4609250.24,104014.01,3018204.18,219221.82,1267810.23,1193559.27,60109.83,14141.13,conventional,2016,Northeast,5,22
1.27,5214137.33,412621.66,3066433.39,6214.63,1728867.65,1436116.22,279239.21,13512.22,conventional,2018,Northeast,3,11
1.53,5262336.16,305718.69,3009076.65,22448.52,1925092.3,1272105.9,640105.84,12880.56,conventional,2017,Northeast,5,7
1.3,4525386.69,413430.69,2459409.32,7486.34,1645060.34,1357273.92,275551.97,12234.45,conventional,2018,Northeast,2,25
1.22,5318554.52,364721.28,3542626.1,6184.77,1405022.37,1101807.62,291485.87,11728.88,conventional,2018,Northeast,3,4
1.23,6724196.61,624600.42,4684187.02,375904.92,1039504.25,943595.66,84785.68,11122.91,conventional,2017,Northeast,2,5
1.6,4289149.75,286828.17,2806975.81,14226.06,1181119.71,986234.23,184172.2,10713.28,conventional,2017,Northeast,4,30
1.31,4112725.9,371846.83,2539306.99,6573.57,1194998.51,976712.55,207823.43,10462.53,conventional,2018,Northeast,2,18
1.24,5694136.21,565852.47,3782154.05,14275.87,1331853.82,1134698.11,186733.68,10422.03,conventional,2018,Northeast,2,11
