autodatapre/datasets/43927.csv
AveragePrice,Total Volume,4046,4225,4770,Total Bags,Small Bags,Large Bags,XLarge Bags,type,year,region,month,day
1.18,2789630.4,1044500.39,455872.03,109370.93,1179887.05,1117995.97,574.14,61316.94,conventional,2017,LosAngeles,4,16
0.87,4214313.1,1745366.17,583071.39,97893.53,1787982.01,1727340.36,488.13,60153.52,conventional,2017,LosAngeles,5,7
0.99,3299258.02,1329981.71,518018.74,105295.61,1345961.96,1286252.05,686.15,59023.76,conventional,2017,LosAngeles,4,30
1.03,3059034.3,1152656.67,373411.39,72380.13,1460586.11,1373991.99,29875.02,56719.1,conventional,2018,LosAngeles,3,11
1.02,2843541.07,1007972.48,439940.61,63511.29,1332116.69,1248694.27,26861.69,56560.73,conventional,2018,LosAngeles,3,25
1.04,3074226.19,1118405.84,429077.76,108744.24,1417998.35,1358189.5,3262.06,56546.79,conventional,2017,LosAngeles,4,23
0.91,3395262.7,1116865.19,700177.12,62395.31,1515825.08,1435807.52,25385.22,54632.34,conventional,2018,LosAngeles,3,18
1.13,3243908.89,1296066.67,466479.64,102414.38,1378948.2,1324066.55,300.84,54580.81,conventional,2017,LosAngeles,5,28
1.12,2633574.94,974290.82,439065.83,94533.02,1125685.27,1067166.21,4495.49,54023.57,conventional,2017,LosAngeles,3,12
1.1,2667104.06,985767.65,371412.09,77531.99,1232392.33,1144956.76,33430.29,54005.28,conventional,2018,LosAngeles,3,4
0.94,3551402.91,1376168.79,430527.04,88215.9,1656491.18,1602634.76,674.27,53182.15,conventional,2017,LosAngeles,5,14
1.14,2921916.66,1169688.69,428611.48,91670.96,1231945.53,1178399.48,401.84,53144.21,conventional,2017,LosAngeles,5,21
0.99,3631321.55,1581223.4,480083.42,93204.86,1476809.87,1424124.05,963.71,51722.11,conventional,2017,LosAngeles,6,18
1.12,3382974.98,1520215.45,437585.1,87693.03,1337481.4,1285980.32,788.55,50712.53,conventional,2017,LosAngeles,7,9
1.12,2583323.58,861802.43,418362.3,83244.93,1219913.92,1168719.39,1177.9,50016.63,conventional,2017,LosAngeles,3,26
1.01,2993246.61,957440.04,408516.09,106825.66,1520464.82,1460394.98,10162.56,49907.28,conventional,2017,LosAngeles,4,9
1,3029956.79,1191842.89,462947.54,74821.65,1300344.71,1220997.59,30525.57,48821.55,conventional,2018,LosAngeles,2,25
0.99,2768930.88,897311.08,518369.51,83307.14,1269943.15,1214991.2,6376.28,48575.67,conventional,2017,LosAngeles,3,5
0.99,3390850.94,1280363.31,415143.16,96489.25,1598855.22,1550403.66,468.39,47983.17,conventional,2017,LosAngeles,6,11
1.11,2737872.14,965781.76,422615.12,89296.88,1260178.38,1209897.81,2474.78,47805.79,conventional,2017,LosAngeles,3,19
0.98,3100355.01,975079.42,428361.34,95594.45,1601319.8,1542667.95,11742.19,46909.66,conventional,2017,LosAngeles,4,2
1.08,2749718.75,1148398.39,357520.77,74811.86,1168987.73,1089251.46,33031.23,46705.04,conventional,2018,LosAngeles,2,18
1.04,2725856.44,1275098.12,354221.03,91230.73,1005306.56,940327.03,18317.46,46662.07,conventional,2018,LosAngeles,1,7
1.22,2742628.31,1359069.5,414552.66,109001.34,860004.81,793163.78,20822.11,46018.92,conventional,2017,LosAngeles,8,6
1.07,3507155.74,1521073.33,497356.53,104452.24,1384273.64,1337890.74,411.72,45971.18,conventional,2017,LosAngeles,7,2
1.38,2484918.32,1266618.54,407573.08,99404.46,711322.24,652958.02,12421.66,45942.56,conventional,2017,LosAngeles,7,23
0.64,3625630.64,1181120.66,592688.22,61331.51,1790490.25,1664506.69,81240.11,44743.45,conventional,2017,LosAngeles,2,12
0.92,3655667.22,1609002.4,414532.82,90801.1,1541330.9,1496630.45,696.59,44003.86,conventional,2017,LosAngeles,6,25
1.37,2558156.26,1327685.51,409058.25,105463.36,715949.14,658086.39,14421.29,43441.46,conventional,2017,LosAngeles,7,16
0.73,5070580.56,2532500.54,965716.73,93806.56,1478556.73,1414064.63,21441.6,43050.5,conventional,2018,LosAngeles,2,4
1.28,2409159.6,1104367.71,403918.08,101443.02,799430.79,739977.4,16783.17,42670.22,conventional,2018,LosAngeles,1,14
0.85,3323882.38,1497227.27,412653.41,79663.02,1334338.68,1271672.84,20164.55,42501.29,conventional,2018,LosAngeles,2,11
1.08,2893717.97,1134192.09,707838.42,81296.65,970390.81,911703.94,16595.96,42090.91,conventional,2018,LosAngeles,1,28
0.53,5470227.08,1741607.02,937331.61,89678.63,2701609.82,2656630.42,3465.7,41513.7,conventional,2017,LosAngeles,2,5
1.19,2832849.85,1412649.35,452871.67,120591.71,846737.12,784481.79,21556.57,40698.76,conventional,2017,LosAngeles,8,13
1.39,2426027.85,1263812.03,399835.58,100595.71,661784.53,603467.35,18679.7,39637.48,conventional,2017,LosAngeles,7,30
1.15,2653023.23,1230413.83,364552.16,82843.86,975213.38,918833.2,16789.91,39590.27,conventional,2018,LosAngeles,1,21
1.08,2626121,1225567,413517,72562,914474,851550,23684,39240,conventional,2017,LosAngeles,11,12
1.14,2391383,1042472,309130,73389,966392,893064,34871,38457,conventional,2017,LosAngeles,11,19
0.88,3212261.75,1368619.91,755743.47,75509.63,1012388.74,959746.82,14343.09,38298.83,conventional,2017,LosAngeles,12,31
0.96,3637220.72,1330141.06,418291.29,89031.2,1799757.17,1761072.22,559.34,38125.61,conventional,2017,LosAngeles,6,4
1.45,2309865.74,1207541.43,324882.97,99791.22,677650.12,618120.14,22264.21,37265.77,conventional,2017,LosAngeles,8,20
1.1,2389829.32,1076720.74,350754.59,78272.26,884081.73,831557.36,15344.42,37179.95,conventional,2017,LosAngeles,12,24
1.19,2153918,987928,327525,82683,755782,702784,16197,36801,conventional,2017,LosAngeles,11,26
1.04,2691240.89,1079147.36,743292.73,69039.29,799761.51,748133.99,14912.26,36715.26,conventional,2017,LosAngeles,11,5
1.07,2404221.58,1024592.52,396712.41,62000.95,920915.7,868361.67,16284.72,36269.31,conventional,2017,LosAngeles,12,10
1.61,2176974.29,1050438.58,441327.04,112400.98,572807.69,521219.23,15575.83,36012.63,conventional,2017,LosAngeles,9,3
1.01,2615853,1177940,396804,68958,972151,913002,23854,35296,conventional,2017,LosAngeles,12,3
0.89,3130916.47,1046466.31,1167417.29,76600.37,840432.5,790545.51,14767.42,35119.57,conventional,2017,LosAngeles,12,17
0.93,3086167.04,1264167.99,480926.04,57962.68,1283110.33,1204789.47,43207.72,35113.14,conventional,2016,LosAngeles,8,21
0.79,3033918.41,1029674.7,493496.38,68553.91,1442193.42,1277346.26,130416.16,34431,conventional,2017,LosAngeles,2,19
0.95,3449361.49,1317678.72,746045.11,107625.85,1278011.81,1147086.62,96717.6,34207.59,conventional,2016,LosAngeles,7,3
1,3094362.21,1137248.03,632756.21,67934.57,1256423.4,1158711.73,63574.75,34136.92,conventional,2016,LosAngeles,8,7
1.67,1779831.36,741758.67,385402.67,94134.88,558535.14,509468.27,15849.71,33217.16,conventional,2017,LosAngeles,10,15
1.74,1969051.97,898753.94,359807.34,94971.16,615519.53,568315.4,14394.75,32809.38,conventional,2017,LosAngeles,9,10
1.66,2117126.8,1096036.21,344686.36,105558.18,570846.05,523454.36,14650.86,32740.83,conventional,2017,LosAngeles,8,27
0.82,2935077.5,980146.15,477454.27,70872.57,1406604.51,1341305.37,33291.9,32007.24,conventional,2017,LosAngeles,2,26
1.06,2826836.07,961494.69,562612.83,70783.66,1231944.89,1135205.94,64811.85,31927.1,conventional,2016,LosAngeles,7,31
1.49,1968638.86,924450.62,360936.46,84635.32,598616.46,551747.52,15614.96,31253.98,conventional,2017,LosAngeles,10,22
1.06,2589309.14,999948.52,457932.5,55346.12,1076082,1008961.12,36400.02,30720.86,conventional,2016,LosAngeles,9,18
1.8,1711267.24,753730.08,343707.72,91288.33,522541.11,475271.7,17349.06,29920.35,conventional,2017,LosAngeles,10,8
1.09,2850377.2,1085428.83,843048.34,81784.71,840115.32,794198.46,16098.25,29818.61,conventional,2017,LosAngeles,10,29
1.77,1697028.59,725653.31,335816.39,78098.02,557460.87,510568.78,17512.89,29379.2,conventional,2017,LosAngeles,10,1
1.75,1760610.46,768658.64,337637.65,79407.42,574906.75,529354.38,16258.82,29293.55,conventional,2017,LosAngeles,9,24
0.84,2641775.31,794840.17,669585.49,65359.34,1111990.31,1032762.48,49937.35,29290.48,conventional,2016,LosAngeles,12,25
1.73,1865690.48,837463.16,357662.06,84556.11,586009.15,543636.79,13163.62,29208.74,conventional,2017,LosAngeles,9,17
1.03,2879218.13,1050808.07,605409.39,73825.64,1149175.03,1066852.22,53237.75,29085.06,conventional,2016,LosAngeles,8,14
0.6,4230448.98,1439453.61,741369.62,67607.57,1982018.18,1923042.64,29993.97,28981.57,conventional,2017,LosAngeles,1,29
1.17,2548687.86,922290.28,501532.5,56116.4,1068748.68,996105.73,43825.17,28817.78,conventional,2016,LosAngeles,10,16
0.93,3293224.51,1217453.35,678995.34,81637.45,1315138.37,1201242.48,85231.86,28664.03,conventional,2016,LosAngeles,7,10
0.81,3563268.97,1471105.41,537892.88,57212.08,1497058.6,1436818.52,32450.42,27789.66,conventional,2016,LosAngeles,8,28
0.83,3203935.53,1214455.87,691108.91,113180.16,1185190.59,1038686.31,119446.72,27057.56,conventional,2016,LosAngeles,5,29
1.52,1595013.07,543331.54,423351.91,77064.64,551264.98,497726.49,26542.63,26995.86,conventional,2016,LosAngeles,11,6
0.95,2939704.87,1217417.81,534763.39,49050.27,1138473.4,1065540.18,46332.57,26600.65,conventional,2016,LosAngeles,9,11
0.76,3715458.49,1596545.36,650812.6,121002.86,1347097.67,1196472.82,124721.49,25903.36,conventional,2016,LosAngeles,6,5
0.62,4215552.57,1715034.11,663032.28,61799.24,1775686.94,1710186.48,39625.95,25874.51,conventional,2017,LosAngeles,1,22
1.29,1913492.61,696410.88,436388.61,71033.43,709659.69,639521.18,44270.7,25867.81,conventional,2016,LosAngeles,11,13
1.16,2766529.12,1153907.22,559077.15,61747.02,991797.73,915276.04,51156.17,25365.52,conventional,2016,LosAngeles,10,9
0.85,3258184.45,1295216.97,655947.51,105879.74,1201140.23,1091515.32,84463.35,25161.56,conventional,2016,LosAngeles,6,26
0.9,3237847.21,1322109.94,593238.74,114307.31,1208191.22,1102265.57,80776.26,25149.39,conventional,2016,LosAngeles,6,19
1,3007073.27,1328968.75,468792.85,62737.86,1146573.81,1087085.53,34496.65,24991.63,conventional,2016,LosAngeles,9,25
0.83,3248769.26,1439519.4,529969.99,105646.55,1173633.32,1064384.25,84760.03,24489.04,conventional,2016,LosAngeles,6,12
0.89,3120961.67,969758.4,692908.87,72814.14,1385480.26,1288525.3,72837.94,24117.02,conventional,2017,LosAngeles,1,8
0.84,2377799.62,767981.95,513487.28,56245.11,1040085.28,961115.47,55112.27,23857.54,conventional,2016,LosAngeles,12,18
0.88,3431676.04,1409249.49,626922.72,43844.13,1351659.7,1295162.06,32720.37,23777.27,conventional,2016,LosAngeles,9,4
1.1,2272023.15,880344.33,456709.37,60511.55,874457.9,808238.28,43041.56,23178.06,conventional,2016,LosAngeles,11,20
0.97,3092234,1201992.39,630743.25,84008.42,1175489.94,1079717.14,73173.55,22599.25,conventional,2016,LosAngeles,7,17
1.01,3033328.67,1163035.43,629930.18,83979.91,1156383.15,1073915.16,60000.52,22467.47,conventional,2016,LosAngeles,7,24
1.06,2865744.94,1337602.73,471344.12,62565.39,994232.7,931963.97,40145.34,22123.39,conventional,2016,LosAngeles,10,2
1.01,2257271.18,865743.41,416437.85,50949.95,924139.97,868269.44,34138.07,21732.46,conventional,2016,LosAngeles,11,27
0.76,3138836.66,821036,680884.1,90068.36,1546848.2,1369895.1,155333.82,21619.28,conventional,2016,LosAngeles,3,6
0.76,3134305.39,1084784.88,782144.64,89228.29,1178147.58,1068850.13,87973.45,21324,conventional,2016,LosAngeles,5,22
0.76,3363407.98,1075572.75,703853.31,61161.98,1522819.94,1442445.76,59205.75,21168.43,conventional,2017,LosAngeles,1,15
0.78,2780629.1,1076282.76,476162.95,53729.91,1174453.48,1135570.69,17964.53,20918.26,conventional,2016,LosAngeles,12,4
0.64,3942054.31,1416928.16,929683.64,107683.95,1487758.56,1104179.23,362931.85,20647.48,conventional,2016,LosAngeles,5,8
1.23,2133563.24,768315.72,427296.47,44807.45,893143.6,840269.44,32386.79,20487.37,conventional,2016,LosAngeles,10,23
0.73,3467762.25,982736.16,836002.09,94366.38,1554657.62,1349458.59,185190.21,20008.82,conventional,2016,LosAngeles,3,27
0.84,3551337.17,1223299.39,829896.69,56808.74,1441332.35,1332601.11,88931.96,19799.28,conventional,2017,LosAngeles,1,1
0.75,2793917.73,917098.69,631013.13,59599.98,1186205.93,1086150.77,80411.66,19643.5,conventional,2016,LosAngeles,12,11
0.76,3185230.67,1245344.79,643220.72,100883.74,1195781.42,1114858.82,61746.44,19176.16,conventional,2016,LosAngeles,4,17
1.48,1499286.88,533137.32,383974.46,59596.59,522578.51,487013.41,16418.82,19146.28,conventional,2016,LosAngeles,10,30
0.79,2987393.94,767298.16,657175.2,96884.94,1466035.64,1318493.96,129444.42,18097.26,conventional,2016,LosAngeles,3,13
0.75,3136882.52,1115902.49,704492.28,102738.69,1213749.06,1010395.4,185289.33,18064.33,conventional,2016,LosAngeles,4,24
0.74,3374876.94,928106.16,901464.72,91298.87,1454007.19,1301235.1,134711.21,18060.88,conventional,2016,LosAngeles,3,20
0.76,2952576.85,804573.11,854485.91,84389.3,1209128.53,1079975.41,111405.86,17747.26,conventional,2016,LosAngeles,1,17
0.82,2866855.58,1134719.15,643464.88,95527.46,993144.09,871562.92,104146,17435.17,conventional,2016,LosAngeles,5,15
0.72,3332578.34,812808.39,750266.34,95505.05,1673998.56,1459896.71,196813.37,17288.48,conventional,2016,LosAngeles,2,28
0.77,3288356.88,1130642.44,715739.8,95958.07,1346016.57,1196713.63,132341.6,16961.34,conventional,2016,LosAngeles,4,10
0.58,4982700.11,1262681.15,1447533.8,98684.4,2173800.76,1911608.83,245385.02,16806.91,conventional,2016,LosAngeles,2,7
0.82,2793982.31,865503.72,683860.21,101584.86,1143033.52,980989.7,145602.15,16441.67,conventional,2016,LosAngeles,4,3
0.74,3172437.94,841326.26,803197.41,88909.89,1439004.38,1228427.24,194492.68,16084.46,conventional,2016,LosAngeles,1,10
0.65,3664088.6,931605.09,837742.21,90043.21,1804698.09,1567442.4,222150.04,15105.65,conventional,2016,LosAngeles,2,14
0.62,3863314.25,1355793.57,1047924.35,98634.23,1360962.1,1011875.96,334016.05,15070.09,conventional,2016,LosAngeles,5,1
0.76,3173509.36,666019.46,779056.76,92941.13,1635492.01,1520603.55,99946.94,14941.52,conventional,2016,LosAngeles,1,24
0.76,3232888.65,842358.1,671213.11,83794.46,1635522.98,1501295.38,119573.06,14654.54,conventional,2016,LosAngeles,2,21
0.74,3197788.06,1004134.51,721988.78,75111.71,1396553.06,1288253.52,94240.24,14059.3,conventional,2016,LosAngeles,1,31
0.8,2326942.14,976982.58,455203.42,86202.11,808554.03,722787.61,74359.03,11407.39,conventional,2015,LosAngeles,12,27
0.85,2149872.45,870581.1,396515.66,96111.9,786663.79,681332.22,94921.87,10409.7,conventional,2015,LosAngeles,12,20
