autodatapre/datasets/43927.csv
AveragePrice,Total Volume,4046,4225,4770,Total Bags,Small Bags,Large Bags,XLarge Bags,type,year,region,month,day
1.05,2259572.01,684349.38,761167.83,10691.9,803362.9,717323.25,34035.78,52003.87,conventional,2016,Plains,7,3
1.09,2028847.18,691422.45,634634.29,16160.39,686630.05,614584.95,22163.03,49882.07,conventional,2016,Plains,7,10
1.22,1807152.43,650651.58,565159.06,7416.64,583925.15,527519.74,18858.31,37547.1,conventional,2016,Plains,7,24
1.25,1716384.76,658829.43,526275.28,7471.62,523808.43,471473.75,17633.77,34700.91,conventional,2016,Plains,7,31
1.15,1865426.77,615734.77,583708.66,11130.38,654852.96,590322.87,30454.97,34075.12,conventional,2016,Plains,7,17
1.06,2057899.39,896361.8,569685.24,6640.06,585212.29,503163.84,55896.78,26151.67,conventional,2017,Plains,1,29
1.03,2101835.6,1040820.26,490842.47,9370.21,560802.66,510422.91,25086.66,25293.09,conventional,2016,Plains,6,26
1.04,2104834.28,892690.24,628986.82,11290.7,571866.52,518050.97,28877.41,24938.14,conventional,2016,Plains,6,12
0.93,2330438.23,1242318.2,518978.73,10390.99,558750.31,505801.45,28530.38,24418.48,conventional,2016,Plains,6,5
1.17,1979362.94,859776.14,534861.87,6165.29,578559.64,535419.49,19900.67,23239.48,conventional,2016,Plains,8,7
0.94,2097983.48,1041604.45,490947.03,23556.8,541875.2,466641.32,53465.68,21768.2,conventional,2017,Plains,2,12
1.38,1843260.04,662783.83,595296.48,28026.13,557153.6,485370.12,50390.43,21393.05,conventional,2017,Plains,7,16
1.35,1993421.09,812644.07,464271.97,7538.35,708966.7,653169.34,34954.01,20843.35,conventional,2017,Plains,6,18
1.21,1693418.62,748383.14,445643.2,5418.75,493973.53,461318.07,12246.86,20408.6,conventional,2016,Plains,8,21
1.35,1808002.16,776378.88,497717.36,7828.86,526077.06,500350.57,5479.2,20247.29,conventional,2017,Plains,4,16
1.33,1704624.12,765106.73,474410.9,8534.77,456571.72,432296.32,5044.13,19231.27,conventional,2017,Plains,3,26
1.58,1531392.1,682504.86,356889.47,6349.19,485648.58,423640.15,43196.91,18811.52,conventional,2017,Plains,9,3
1.37,1822828.12,940974.89,417322.15,6076.68,458454.4,403908.27,36075.49,18470.64,conventional,2017,Plains,8,27
1.38,1975524.7,833904.89,499191.31,10560.99,631867.51,584294.01,29543.77,18029.73,conventional,2017,Plains,5,28
1.13,2617237.35,1371861.27,579543.42,8089.83,657742.83,570356.24,71124.76,16261.83,conventional,2017,Plains,5,7
1.39,1854451.3,719912.1,594292.4,11924.17,528322.63,466178.48,46069.1,16075.05,conventional,2017,Plains,7,23
1.28,1868022.01,888870.09,497864.55,9239.84,472047.53,450706,5367.56,15973.97,conventional,2017,Plains,4,9
1.31,2120488.01,948624.24,478847.61,7878.02,685138.14,642268.81,27923.27,14946.06,conventional,2017,Plains,6,11
1.31,2223310.81,801224.73,664924.43,28132.18,729029.47,707685.17,6808.01,14536.29,conventional,2017,Plains,7,2
1.43,1739844.71,649275.23,609832.36,6243.42,474493.7,424441.48,35663.55,14388.67,conventional,2017,Plains,8,13
1.43,1762012.56,675558.34,580796.32,7231.22,498426.68,440097.5,44108.31,14220.87,conventional,2017,Plains,8,6
1.33,1840889.79,832263.81,420870.92,7303.17,580451.89,534882.58,31630.61,13938.7,conventional,2017,Plains,5,21
1.1,1933628.13,931227.39,541981.42,6177.12,454242.2,409642.51,30741.42,13858.27,conventional,2016,Plains,9,4
1.29,1818148.12,851477.91,524130.79,13117.72,429421.7,409630.98,6543.51,13247.21,conventional,2017,Plains,4,2
1.15,2092354.75,888108.56,501748.08,8144.54,694353.57,627934.12,53944.75,12474.7,conventional,2018,Plains,3,4
1.22,1693969.47,823545.19,462409.58,5248.8,402765.9,358451.47,31890.92,12423.51,conventional,2016,Plains,8,28
0.87,2559002.86,1093072.84,925765.95,11009.71,529154.36,475718.48,41103.42,12332.46,conventional,2016,Plains,6,19
1.46,1718325.16,669232.81,557504.83,11639.77,479947.75,430060.41,37912.23,11975.11,conventional,2017,Plains,7,30
1.33,1894833.35,874405.39,415178.47,7813.52,597435.97,535679.03,49821.03,11935.91,conventional,2017,Plains,5,14
1.31,2136102.71,958508.87,499135.71,11013.14,667444.99,620312.74,35312.21,11820.04,conventional,2017,Plains,6,4
0.86,2664926.82,1198630.18,861839.11,18180.72,586276.81,500461.05,74091.16,11724.6,conventional,2016,Plains,5,8
1.05,2064194.02,925668.48,529337.88,6259.33,602928.33,545116.32,46315.29,11496.72,conventional,2017,Plains,1,15
1,1872378.56,886184,507777.03,19359.4,459058.13,402410.37,45353.77,11293.99,conventional,2016,Plains,4,10
0.88,408921.57,4371.02,193222.08,143538.35,67790.12,22315.79,1765.51,43708.82,conventional,2018,GrandRapids,2,4
1.01,349565.06,2991.23,143928.98,137321.51,65323.34,23516.4,1183.72,40623.22,conventional,2018,GrandRapids,1,21
1.29,245293.35,2180.87,96015.63,81813.26,65283.59,38840.79,2445.56,23997.24,conventional,2017,GrandRapids,6,18
1.47,207028.28,2946.6,85213.8,63349.05,55518.83,29054.93,7662.55,18801.35,conventional,2018,GrandRapids,3,25
1.02,238305.05,1386.96,140947.2,48369.8,47601.09,25307.14,4248.19,18045.76,conventional,2017,GrandRapids,2,26
1.27,208279.53,2534.14,86121.81,63728.61,55894.97,27041.98,11484.9,17368.09,conventional,2018,GrandRapids,2,25
1.51,192007.39,2073.97,71125.6,51887.02,66920.8,45887.04,4128.48,16905.28,conventional,2017,GrandRapids,7,2
1.09,202635.01,2522.84,103361.16,58453.24,38297.77,17391.94,4053.28,16852.55,conventional,2017,GrandRapids,12,31
1.43,191286.89,3195.61,75173.54,55327.24,57590.5,32676.64,8368.93,16544.93,conventional,2018,GrandRapids,3,11
0.97,198769.54,3638.99,106363.84,49279.06,39487.65,21799.3,2155.38,15532.97,conventional,2015,GrandRapids,10,11
1.42,169837.53,2520.38,70377.13,52300.71,44639.31,25053.61,4106.88,15478.82,conventional,2017,GrandRapids,7,16
1.43,178186.11,2225.4,71380.42,47480.65,57099.64,38785,3403.65,14910.99,conventional,2017,GrandRapids,7,9
1.45,167234.75,2082.16,69687.29,45132.06,50333.24,31734.93,4280.74,14317.57,conventional,2017,GrandRapids,8,6
1.35,169476.04,2865.76,75494.46,45133.04,45982.78,29085.45,3455.76,13441.57,conventional,2018,GrandRapids,1,7
1.4,167604.6,3619.4,80530.3,42489.31,40965.59,25201.76,2735.5,13028.33,conventional,2018,GrandRapids,2,11
1.25,162923.49,2042.43,74185.34,48181.44,38514.28,21582.27,3918.17,13013.84,conventional,2017,GrandRapids,12,17
1.67,175861.5,1857.22,80672.38,34537.85,58794.05,39418.9,6580.28,12794.87,conventional,2017,GrandRapids,4,16
1.46,254982.52,2037.53,134403.02,68209.7,50332.27,30912.8,6939.54,12479.93,conventional,2017,GrandRapids,5,7
1.4,175969.31,3261.54,64300.91,35087.55,73319.31,55491.01,6112.96,11715.34,conventional,2018,GrandRapids,3,18
0.94,290555.59,3935.71,205006.57,43866.57,37746.74,23628.97,2405.92,11711.85,conventional,2016,GrandRapids,2,7
1.71,149479.58,1890.37,71916.37,25542.69,50130.15,32426.3,6541.93,11161.92,conventional,2017,GrandRapids,3,26
1.79,158876.02,2308.29,64251.02,34921.76,57394.95,40421.03,6310.56,10663.36,conventional,2017,GrandRapids,6,11
0.77,594784.92,169611.09,118251.74,192417.1,114504.99,58664.35,17270.46,38570.18,conventional,2016,Detroit,2,7
0.92,473131.2,121769.89,90921.04,123670.88,136769.39,94467.61,3849.16,38452.62,conventional,2016,Detroit,6,5
0.86,485653.27,139497.99,86027.72,120894.82,139232.74,86915.56,16445.31,35871.87,conventional,2016,Detroit,5,15
0.86,492699.87,165617.47,93942.49,143911.67,89228.24,51669.47,2096.24,35462.53,conventional,2016,Detroit,1,3
0.83,540315.74,133389.93,105832.88,79598.84,221494.09,186675.1,3009.89,31809.1,conventional,2017,Detroit,2,26
0.97,447346.61,96173.74,116000.57,132061.08,103111.22,66168.66,6262.89,30679.67,conventional,2016,Detroit,4,17
0.97,441920.14,79240.24,86747.64,154833,121099.26,47041.48,43570.47,30487.31,conventional,2016,Detroit,3,6
1.08,464413.57,72595.4,90296.46,53864.5,247657.21,185976.63,32253.35,29427.23,conventional,2018,Detroit,2,25
1.15,477637.43,82568.15,72460.6,62078.52,260530.16,211303.55,21812.97,27413.64,conventional,2018,Detroit,3,25
0.96,500424.55,168696.93,84169.69,107930.15,139627.78,91310.2,21053.46,27264.12,conventional,2016,Detroit,5,8
0.99,625475.58,160714.71,82132.76,84740.62,297887.49,259510.89,12354.59,26022.01,conventional,2017,Detroit,5,7
0.94,489584.58,154051.35,95837.97,151279.99,88415.27,58403.04,4513.96,25498.27,conventional,2016,Detroit,1,24
1,442961.17,149055.97,60807.9,75225.17,157872.13,130698.09,1731.45,25442.59,conventional,2016,Detroit,6,19
1.18,385966.55,100370,55199.44,46609.96,183787.15,155523.04,4802.95,23461.16,conventional,2017,Detroit,7,16
0.98,339797.19,92957.56,78805.63,113791.21,54242.79,30612.06,885.86,22744.87,conventional,2015,Detroit,12,6
1.03,343645.67,103367.05,72647.24,113928.21,53703.17,30614.89,734.95,22353.33,conventional,2015,Detroit,11,8
0.99,502774.82,119584.9,56064.04,43719.76,283406.12,232206.09,28983.01,22217.02,conventional,2017,Detroit,7,9
1,373545.23,129945.11,71335.62,111298.27,60966.23,38180.88,839.26,21946.09,conventional,2015,Detroit,9,20
1.22,392513.77,65065.41,63951.02,42737.51,220759.83,183724.24,16727.64,20307.95,conventional,2017,Detroit,7,2
1.04,340746.59,112432.15,67252.29,104529.5,56532.65,35176.99,1106.6,20249.06,conventional,2015,Detroit,11,1
1.05,378431.9,80333.46,65448.49,119488.87,113161.08,55446.34,37647.04,20067.7,conventional,2016,Detroit,3,27
0.97,400251.59,113822.13,86783.96,125069.99,74575.51,53326.63,1573.3,19675.58,conventional,2015,Detroit,8,16
1.14,443295.3,82676.76,65334.67,47721.41,247562.46,178042.93,49942.51,19577.02,conventional,2018,Detroit,3,11
1.25,400745.99,101371.87,45320.08,41542.27,212511.77,185661.19,7330.96,19519.62,conventional,2017,Detroit,8,6
1.09,371639.1,78492.11,67761.91,111819.43,113565.65,58374.48,35829.04,19362.13,conventional,2016,Detroit,3,20
1.13,344391.38,116197.85,50835.79,57169.98,120187.76,101180.43,242.82,18764.51,conventional,2016,Detroit,6,26
1.15,354577.28,133984.58,39970.66,40559.67,140062.37,111538.67,10056.37,18467.33,conventional,2016,Detroit,7,24
0.97,455372.43,138397.72,109057.9,144745.74,63171.07,44419.39,754.44,17997.24,conventional,2015,Detroit,3,22
1.03,401472.63,151274.05,73572.68,106452.77,70173.13,51456.91,1329.55,17386.67,conventional,2015,Detroit,9,13
0.97,397899.56,97605.68,101935.17,129285.88,69072.83,50732.68,1144.16,17195.99,conventional,2015,Detroit,3,1
1.13,342465.19,82100.44,66020,108296.25,86048.5,49708.39,19350.34,16989.77,conventional,2016,Detroit,2,28
1.17,328237.93,126817.85,41460.73,41888.34,118071.01,100212.75,906.85,16951.41,conventional,2016,Detroit,7,17
0.92,539750.77,205775.28,136119.82,127173.89,70681.78,54003.36,688.47,15989.95,conventional,2015,Detroit,2,1
1.18,311241.09,117420.11,41580.84,38634.53,113605.61,82669.6,14996.21,15939.8,conventional,2016,Detroit,7,10
1.32,307674.16,71333.9,44186.58,36112.15,156041.53,123293.61,16846.6,15901.32,conventional,2017,Detroit,5,21
1.48,289107.02,69601.63,44602.74,30844.93,144057.72,125425.49,3129.79,15502.44,conventional,2017,Detroit,3,26
0.96,422762.9,177827.49,75478.01,100520.31,68937.09,52515.07,1066.62,15355.4,conventional,2015,Detroit,8,30
1.04,364612.83,131406.58,59678.32,96298.92,77229.01,49335.73,12767.39,15125.89,conventional,2016,Detroit,1,31
1.09,428600.2,82792.93,43727.67,29920.79,272158.81,220038.13,37118.17,15002.51,conventional,2018,Detroit,3,18
1.45,342545.94,68514.24,51563.48,38761.83,183706.39,165252.92,3614.14,14839.33,conventional,2017,Detroit,4,16
1.29,361905.98,83266.74,48464.11,42531.88,187643.25,126219.14,47266.33,14157.78,conventional,2017,Detroit,5,28
1.55,267254.47,66396.62,40479,30384.25,129994.6,113415.54,2545.08,14033.98,conventional,2017,Detroit,7,23
1.17,336701.66,127175.1,42029.92,37960.27,129536.37,113573.12,2084.25,13879,conventional,2016,Detroit,7,3
1.02,335108.11,121653.22,33903.57,72329.16,107222.16,65916.23,27480.29,13825.64,conventional,2016,Detroit,4,3
1.48,262116.19,71290.38,45054.51,26987.7,118783.6,101931.36,3247.87,13604.37,conventional,2017,Detroit,3,19
1.55,286679.02,64304.67,33590.3,27839.54,160944.51,137133.56,10425.92,13385.03,conventional,2017,Detroit,8,13
0.97,447813.52,153214.87,87106.49,131114.3,76377.86,61921.23,1180.76,13275.87,conventional,2015,Detroit,6,7
0.92,435384.45,123642.25,73381.42,26265.23,212095.55,156008.05,42872.58,13214.92,conventional,2018,Detroit,2,11
1.25,388250.81,113908.85,34529.25,26555.78,213256.93,191985.02,8146.65,13125.26,conventional,2017,Detroit,8,20
1.29,339850.04,114942.57,39063.15,27664.07,158180.25,133047.25,12487.18,12645.82,conventional,2017,Detroit,7,30
0.98,414532.49,162656.29,38374.42,38384.9,175116.88,160647.51,1915.84,12553.53,conventional,2016,Detroit,6,12
1.18,400047.47,89601.76,41375.29,26105.84,242964.58,216775.85,13655.21,12533.52,conventional,2018,Detroit,3,4
1.08,255499.7,83097.26,50545.78,59789.18,62067.48,48936.21,762.35,12368.92,conventional,2015,Detroit,12,27
1.1,286400.89,81617.68,60336.35,90271.45,54175.41,40779.28,1039.04,12357.09,conventional,2015,Detroit,10,4
1.68,234930.31,58131.6,35365.15,25800.11,115633.45,98010.75,5328.57,12294.13,conventional,2017,Detroit,9,3
1.44,238211.13,73391.3,40214.51,26073.5,98531.82,80639.8,5789.02,12103,conventional,2017,Detroit,3,12
1.11,361966.97,70416.79,33890.23,18889.7,238770.25,177738.87,48953.96,12077.42,conventional,2018,Detroit,2,18
1.07,311270.6,82084.73,46507.12,20143.65,162535.1,147195.14,3389.57,11950.39,conventional,2017,Detroit,2,19
1.17,251336.74,84318.99,49927.69,74327.91,42762.15,30131.74,727.93,11902.48,conventional,2015,Detroit,10,25
1.32,304000.24,99924.49,29648.99,23558.08,150868.68,133119.35,5877.48,11871.85,conventional,2017,Detroit,8,27
0.95,495155.82,214237.95,98513.1,116503.88,65900.89,53494.15,591.25,11815.49,conventional,2015,Detroit,5,17
1.17,257472.31,88573.56,43702.48,78776.6,46419.67,33816.62,1081.83,11521.22,conventional,2015,Detroit,9,27
1.84,231672.3,56672.38,29720.64,23010.55,122268.73,101940.75,8905.77,11422.21,conventional,2017,Detroit,9,17
1.8,251097.79,60774.27,32685.75,23392.18,134245.59,113843.97,9150.17,11251.45,conventional,2017,Detroit,9,10
1,319391.58,109542.32,48135.67,46048.82,115664.77,97920.55,6527.68,11216.54,conventional,2016,Detroit,5,1
0.97,383170.95,117593.23,42026.91,24897.12,198653.69,184674.65,2917.35,11061.69,conventional,2017,Detroit,3,5
1.07,341289.98,136799.68,56896.42,80145.92,67447.96,54938.34,1471.57,11038.05,conventional,2015,Detroit,8,9
1.09,336982.39,143927.73,51351.12,79770.33,61933.21,49676.97,1237.68,11018.56,conventional,2015,Detroit,9,6
1.82,234792.97,61575.52,32561.28,24622.65,116033.52,100643.36,4399.41,10990.75,conventional,2017,Detroit,9,24
1.46,295788.03,60299.3,42596.28,33427.76,159464.69,144672.71,4014.98,10777,conventional,2017,Detroit,4,23
1.51,284715.12,64658.67,48429.11,33629.99,137997.35,123525.69,3833.22,10638.44,conventional,2017,Detroit,4,9
1.03,445350.61,110697.8,44186.84,40589.56,249876.41,225833.42,13583.47,10459.52,conventional,2017,Detroit,5,14
1.04,348557.33,127403.87,45533,38082.17,137538.29,122656.94,4439.52,10441.83,conventional,2016,Detroit,5,29
1.48,324983.09,64498.25,50224.27,37837.43,172423.14,150695.49,11326.73,10400.92,conventional,2017,Detroit,4,30
0.79,788831.92,512429.69,88819.79,38529.09,149053.35,94019.44,16913.91,38120,conventional,2016,WestTexNewMexico,1,31
0.68,1198679.87,755962.49,197733.56,74916.26,170067.56,100403.73,41471.6,28192.23,conventional,2016,WestTexNewMexico,2,7
0.83,649885.76,389110.55,108176.29,12953.59,139645.33,90392.86,23535.8,25716.67,conventional,2015,WestTexNewMexico,12,20
1.12,296402.96,45720.39,99167.08,16034.41,135481.08,94434.3,24812.34,16234.44,conventional,2016,WestTexNewMexico,1,24
0.79,1048148.17,633115.26,111120.94,25373.47,278538.5,167775.05,94639.29,16124.16,conventional,2016,WestTexNewMexico,6,19
0.82,916958.75,552199.46,94429.85,56434.44,213895,110853.14,87748.53,15293.33,conventional,2016,WestTexNewMexico,6,12
0.86,1026317.8,581532.54,106150.45,20212.32,318422.49,212681.56,91214.82,14526.11,conventional,2016,WestTexNewMexico,7,3
0.7,963046.73,621734.73,151510.22,30289.17,159512.61,89653.91,56745.36,13113.34,conventional,2016,WestTexNewMexico,2,14
0.87,979053.68,571522.5,102689.06,16968.44,287873.68,187139.46,87776.17,12958.05,conventional,2016,WestTexNewMexico,7,10
0.71,776404.39,451904.51,141599.36,15486.97,167413.55,123158.22,33065.33,11190,conventional,2015,WestTexNewMexico,12,27
1.03,797993.91,432573.44,85761.86,17101.34,262557.27,169487.86,81989.41,11080,conventional,2016,WestTexNewMexico,7,24
0.75,922355.67,382444.22,278067.11,127372.19,134472.15,72198.16,31520.66,30753.33,conventional,2015,Houston,12,20
0.78,944506.54,389773.22,288003.62,126150.81,140578.89,73711.94,36493.62,30373.33,conventional,2015,Houston,12,27
0.74,1131583.12,484446.28,348542.55,161506.54,137087.75,68193.77,46086.21,22807.77,conventional,2016,Houston,1,31
0.69,1323490.25,528669.72,424427.32,203797.87,166595.34,71538.94,75749.73,19306.67,conventional,2016,Houston,2,7
0.88,1186692.39,586635.99,216133.71,113474.29,270448.4,165598.46,86483.27,18366.67,conventional,2016,Houston,6,26
0.92,1189787.36,545799.65,245931.82,139911.14,258144.75,201099.28,39117.41,17928.06,conventional,2016,Houston,7,3
0.91,867294.64,259465.21,363892.04,79193.39,164744,83636.33,63963.23,17144.44,conventional,2016,Houston,1,24
0.89,1153583.3,627217.28,228843.15,74763.08,222759.79,139198.33,70961.46,12600,conventional,2016,Houston,6,19
0.85,1182841.54,555561.07,242491.36,110457.58,274331.53,92784.25,170943.95,10603.33,conventional,2016,Houston,6,5
