autodatapre/datasets/43927.csv
AveragePrice,Total Volume,4046,4225,4770,Total Bags,Small Bags,Large Bags,XLarge Bags,type,year,region,month,day
0.89,1350870.14,609482.85,273911.29,95675.27,371800.73,324924.98,16194.53,30681.22,conventional,2016,DallasFtWorth,7,3
0.82,928051.16,439792.68,257532.45,91158.34,139567.69,103511.91,10331.25,25724.53,conventional,2015,DallasFtWorth,12,20
0.73,1803351.21,788734.28,219585.81,6423.31,788607.81,673212.32,94356.41,21039.08,conventional,2018,DallasFtWorth,3,25
0.77,1501141.58,673535.25,263895.18,6341.68,557369.47,449577.44,86867.63,20924.4,conventional,2018,DallasFtWorth,3,4
0.87,1362250.25,656842.99,247599.72,4978.69,452828.85,329530.61,103951.68,19346.56,conventional,2018,DallasFtWorth,3,18
0.74,1616898.5,807933.71,231111.57,6306.38,571546.84,477107.45,75376.35,19063.04,conventional,2018,DallasFtWorth,2,25
0.87,1356159.96,688566.31,213463.41,5709.3,448420.94,329344.14,100310.59,18766.21,conventional,2018,DallasFtWorth,3,11
0.71,1515264.27,766439.13,410258.37,143875.64,194691.13,155052.63,20895.02,18743.48,conventional,2016,DallasFtWorth,2,7
0.8,1128639.48,603099.94,287514.29,78916.52,159108.73,121050.99,19753.34,18304.4,conventional,2016,DallasFtWorth,1,31
0.72,1553404.16,768415.85,212945.5,5327.13,566715.68,461849.3,87861.7,17004.68,conventional,2018,DallasFtWorth,2,11
0.8,1020390.64,494425.64,276556.76,84912.97,164495.27,136560.04,12277.7,15657.53,conventional,2015,DallasFtWorth,12,27
0.77,1421970.53,780856.19,250380.23,5033.93,385700.18,268220.8,102051.19,15428.19,conventional,2018,DallasFtWorth,2,18
0.85,1277488.6,657914.92,213129.74,86435.89,320008.05,298365.1,7080.82,14562.13,conventional,2016,DallasFtWorth,6,26
0.91,1080238.02,546253.47,205087.04,40097.24,288800.27,267623.31,8348.85,12828.11,conventional,2016,DallasFtWorth,7,10
0.67,1885401.44,855815.37,340887.07,6655.47,682043.53,583353.2,86725.24,11965.09,conventional,2018,DallasFtWorth,2,4
1.02,676032.04,187313.19,289208.53,47421.48,152088.84,128164.01,12679.63,11245.2,conventional,2016,DallasFtWorth,1,24
0.97,7408451.31,2154414.96,1740237.35,117766.27,3396032.73,1164132.42,2205336.14,26564.17,conventional,2018,West,2,25
0.85,6331953.73,2168765.69,1735400.35,186797.28,2240990.41,1438474.3,781447.29,21068.82,conventional,2016,West,1,31
1.01,6487362.71,2293685.5,1475916.77,111309.46,2606450.98,1823295.07,762671.3,20484.61,conventional,2016,West,7,10
0.98,6783106.02,2511897.38,1645249.93,107420.55,2518538.16,1311830.11,1187897.07,18810.98,conventional,2018,West,2,18
0.83,10565056.41,3121272.58,3294335.87,142553.21,4006894.75,1151399.33,2838239.39,17256.03,conventional,2018,West,2,4
1.08,5556043.02,1812625.23,1301287.98,96068.39,2346061.42,1664867.92,664224.62,16968.88,conventional,2016,West,7,24
1,6906412.5,2442241.76,1695925.97,130983,2637261.77,1435608.59,1184730.56,16922.62,conventional,2018,West,3,11
0.99,7254940.65,2099082.66,1707752.84,115997.93,3332107.22,1333247.05,1982086.02,16774.15,conventional,2018,West,3,18
1.05,7577456.14,2249412.86,2028819.77,113257.03,3185966.48,1152416.21,2017353.32,16196.95,conventional,2018,West,1,14
1.01,7007265.31,2718390.81,1664995.75,93165.88,2530712.87,1254504.07,1260049.46,16159.34,conventional,2018,West,1,28
1.02,5787378.41,1883575.14,1304616.13,95086.4,2504100.74,1822960,665247.85,15892.89,conventional,2016,West,7,17
0.96,7371498.76,2676545.9,1748192.04,118365.31,2828395.51,1432984.96,1379886.53,15524.02,conventional,2018,West,3,4
0.93,7463494.79,2646176.67,1633418.28,109146.92,3074752.92,1203367.03,1856207.85,15178.04,conventional,2018,West,2,11
0.69,9718438.84,3353158.49,2960080.17,281618.2,3123581.98,1921219.6,1187478.3,14884.08,conventional,2016,West,2,7
1.08,6358768.95,2061960.91,1706532.52,108441.55,2481833.97,1175889.89,1291212.75,14731.33,conventional,2018,West,1,7
1.31,5328934.06,1822972.31,1313977.96,83291.42,2108692.37,1314990.74,779209.02,14492.61,conventional,2017,West,8,27
1.04,5303858,2271643,1110188,95334,1826693,815150,997264,14280,conventional,2017,West,11,19
0.88,4737649.03,2017331.24,1314711,130849.6,1274757.19,843691.13,417746.45,13319.61,conventional,2015,West,12,20
0.93,7667064.46,2567279.74,1912986.38,118289.91,3068508.43,1309580.19,1745630.06,13298.18,conventional,2018,West,3,25
1.32,5548410.44,2036702.69,1451163.28,107844.51,1952699.96,1060422.56,879238.7,13038.7,conventional,2017,West,8,6
1.04,7053820.12,2218365.17,1811849.78,106001.28,2917603.89,1196963.03,1707643.76,12997.1,conventional,2018,West,1,21
0.97,6817643.13,2313258.79,1738562.93,137804.75,2628016.66,2009090.39,606174.1,12752.17,conventional,2016,West,7,3
0.96,5936122.03,2225055.28,1469462.62,76489.85,2165114.28,1183057.63,970382.43,11674.22,conventional,2017,West,12,10
1.05,5007523.13,1786351.75,1225289.22,80134.21,1915747.95,1083960.19,820156.22,11631.54,conventional,2017,West,12,17
0.83,5972493.77,1996852.58,2060439.93,122763.34,1792437.92,1080985.7,699956.7,11495.52,conventional,2015,West,11,15
1.1,5116876.57,1773530.98,1202037.28,89973.68,2051334.63,1124779.76,915774.05,10780.82,conventional,2017,West,12,24
1.75,1451146.59,52861.92,824445.19,4083.43,569756.05,372163.91,178834.64,18757.5,conventional,2017,NewYork,5,28
1.63,1442667.56,82965.35,800414.02,3563.36,555724.83,494674.05,42918.63,18132.15,conventional,2017,NewYork,7,9
1.72,1304560.72,56685.05,733184.24,3145.41,511546.02,270378.6,223986.86,17180.56,conventional,2017,NewYork,7,2
1.75,1387420.96,51358.7,797684.64,4111.68,534265.94,445866.42,71417.58,16981.94,conventional,2017,NewYork,5,14
1.47,1521598.08,53675.18,1060721.23,3691.1,403510.57,260423.69,126518.07,16568.81,conventional,2017,NewYork,6,25
1.81,1100987.66,73400.68,639876.64,702.96,387007.38,358843.51,13593.87,14570,conventional,2017,NewYork,8,27
1.82,1242160.85,55732.76,765117.64,3600.65,417709.8,290382.6,113734.72,13592.48,conventional,2017,NewYork,6,18
1.57,1327763.45,71450.18,859372.14,3388.19,393552.94,368995.87,13580.41,10976.66,conventional,2017,NewYork,7,16
1.56,1277419.69,59767.3,821262.42,2432.16,393957.81,358318.64,24812.03,10827.14,conventional,2017,NewYork,8,6
1.83,1335461.36,51740.89,834879.59,3267.53,445573.35,345141.25,90033.49,10398.61,conventional,2017,NewYork,6,4
0.92,251349.57,63117.83,10829.42,88.75,177313.57,139479.8,19315.86,18517.91,conventional,2016,StLouis,6,12
1.03,214273.18,54119.45,28847.85,229.71,131076.17,109459.43,6537.25,15079.49,conventional,2016,StLouis,7,31
0.83,284148.54,69394.57,10226.94,90.92,204436.11,170177.69,19377.27,14881.15,conventional,2016,StLouis,6,5
0.97,236899.58,70089.95,10838.62,750.02,155220.99,126591.94,14354.3,14274.75,conventional,2016,StLouis,6,26
0.76,348135.49,65689.33,21478.32,467.21,260500.63,225966.72,21420.64,13113.27,conventional,2016,StLouis,7,3
0.85,268010.32,62085.78,28664.77,213.23,177046.54,154944.24,9249.53,12852.77,conventional,2016,StLouis,8,7
0.74,314847.96,61310,22958.74,663.38,229915.84,204560.07,13138.25,12217.52,conventional,2016,StLouis,7,10
0.94,255732.97,75714.25,23532.47,439.63,156046.62,132587.08,11498.2,11961.34,conventional,2016,StLouis,7,24
1.03,184060.51,45178.55,23409.71,167.07,115305.18,98022.8,6778.23,10504.15,conventional,2016,StLouis,8,21
0.96,868986.46,479975.64,184172.52,129.62,204708.68,95020.96,92318,17369.72,conventional,2016,MiamiFtLauderdale,7,3
1.24,516716.17,241386.54,136077.96,190.34,139061.33,79192.74,43113.59,16755,conventional,2016,MiamiFtLauderdale,7,17
1.25,540206.17,283281.44,130937.32,165.68,125821.73,78005.81,32132.03,15683.89,conventional,2016,MiamiFtLauderdale,6,26
1.28,503076.75,271970.59,107339.21,77.92,123689.03,59675.53,49302.67,14710.83,conventional,2016,MiamiFtLauderdale,6,12
0.99,812334.69,474374.03,182509.48,115.34,155335.84,67085.44,74179.84,14070.56,conventional,2016,MiamiFtLauderdale,6,19
1.3,496508.86,247196.33,112882.5,177.42,136252.61,75629.17,46683.16,13940.28,conventional,2016,MiamiFtLauderdale,7,31
1.28,520496.36,250298.08,132336.77,164.45,137697.06,78153.46,46751.66,12791.94,conventional,2016,MiamiFtLauderdale,7,24
1.43,539847.3,349940.7,66569.13,127.88,123209.59,51069.12,59391.58,12748.89,conventional,2017,MiamiFtLauderdale,6,25
1.52,505828.46,311873.22,66760.95,105.13,127089.16,51803.99,62943.5,12341.67,conventional,2017,MiamiFtLauderdale,6,18
1.24,566889.77,277354.34,142734.5,151.43,146649.5,87649.94,46987.06,12012.5,conventional,2016,MiamiFtLauderdale,7,10
1.43,550195.13,371243.58,67379.1,239.94,111332.51,44355.87,55317.47,11659.17,conventional,2017,MiamiFtLauderdale,7,9
1.25,515183.39,253093.31,125026.64,114.92,136948.52,80129.25,46177.6,10641.67,conventional,2016,MiamiFtLauderdale,8,7
1.35,241194.43,139087.23,25294.95,347.82,76464.43,49414.09,10375.34,16675,conventional,2017,NewOrleansMobile,5,14
1.19,264726.41,141795.96,34973.15,892.33,87064.97,58016.11,14213.86,14835,conventional,2016,NewOrleansMobile,9,25
1.39,293608.21,182795.19,30514.83,267,80031.19,55454.81,10461.38,14115,conventional,2017,NewOrleansMobile,5,28
1.38,256543.43,158511.61,25352.42,298,72381.4,53362.71,5313.69,13705,conventional,2017,NewOrleansMobile,6,4
1.16,261491.83,127608.67,41610.13,397,91876.03,68532.55,10508.48,12835,conventional,2016,NewOrleansMobile,7,24
0.89,291490.49,176829.29,26539.09,557.45,87564.66,59274.56,15485.38,12804.72,conventional,2016,NewOrleansMobile,6,5
0.95,283922.91,163474.77,35055.89,495.77,84896.48,63204.33,9379.93,12312.22,conventional,2016,NewOrleansMobile,6,12
0.9,276002.68,160040.82,30195.68,443.13,85323.05,59560.4,13862.65,11900,conventional,2017,NewOrleansMobile,2,12
1.36,252110.25,155348.21,27177.19,345.91,69238.94,46750.78,10833.16,11655,conventional,2017,NewOrleansMobile,5,21
1.06,291978.06,149481.91,41307.31,335,100853.84,79378.63,10060.49,11414.72,conventional,2016,NewOrleansMobile,7,10
1.36,222712.89,112346.71,27293.53,501.91,82570.74,54473.06,16752.68,11345,conventional,2016,NewOrleansMobile,10,16
1.18,244913.97,126047.18,32908.26,447.79,85510.74,58161.71,16384.03,10965,conventional,2016,NewOrleansMobile,9,18
1.25,233898.8,114410.24,41719.96,401.91,77366.69,49871.41,16720.28,10775,conventional,2016,NewOrleansMobile,10,9
